ARM GAS  C:\Users\User\AppData\Local\Temp\cc9JhhhI.s 			page 1


   1              		.syntax unified
   2              		.cpu cortex-m3
   3              		.fpu softvfp
   4              		.eabi_attribute 20, 1
   5              		.eabi_attribute 21, 1
   6              		.eabi_attribute 23, 3
   7              		.eabi_attribute 24, 1
   8              		.eabi_attribute 25, 1
   9              		.eabi_attribute 26, 1
  10              		.eabi_attribute 30, 1
  11              		.eabi_attribute 34, 1
  12              		.eabi_attribute 18, 4
  13              		.thumb
  14              		.syntax unified
  15              		.file	"cyfitter_cfg.c"
  16              		.text
  17              	.Ltext0:
  18              		.cfi_sections	.debug_frame
  19              		.section	.text.CyClockStartupError,"ax",%progbits
  20              		.align	2
  21              		.thumb
  22              		.thumb_func
  23              		.type	CyClockStartupError, %function
  24              	CyClockStartupError:
  25              	.LFB3:
  26              		.file 1 "Generated_Source\\PSoC5\\cyfitter_cfg.c"
   1:Generated_Source\PSoC5/cyfitter_cfg.c **** 
   2:Generated_Source\PSoC5/cyfitter_cfg.c **** /*******************************************************************************
   3:Generated_Source\PSoC5/cyfitter_cfg.c **** * File Name: cyfitter_cfg.c
   4:Generated_Source\PSoC5/cyfitter_cfg.c **** * 
   5:Generated_Source\PSoC5/cyfitter_cfg.c **** * PSoC Creator  4.4
   6:Generated_Source\PSoC5/cyfitter_cfg.c **** *
   7:Generated_Source\PSoC5/cyfitter_cfg.c **** * Description:
   8:Generated_Source\PSoC5/cyfitter_cfg.c **** * This file contains device initialization code.
   9:Generated_Source\PSoC5/cyfitter_cfg.c **** * Except for the user defined sections in CyClockStartupError(), this file should not be modified.
  10:Generated_Source\PSoC5/cyfitter_cfg.c **** * This file is automatically generated by PSoC Creator.
  11:Generated_Source\PSoC5/cyfitter_cfg.c **** *
  12:Generated_Source\PSoC5/cyfitter_cfg.c **** ********************************************************************************
  13:Generated_Source\PSoC5/cyfitter_cfg.c **** * Copyright (c) 2007-2020 Cypress Semiconductor.  All rights reserved.
  14:Generated_Source\PSoC5/cyfitter_cfg.c **** * You may use this file only in accordance with the license, terms, conditions, 
  15:Generated_Source\PSoC5/cyfitter_cfg.c **** * disclaimers, and limitations in the end user license agreement accompanying 
  16:Generated_Source\PSoC5/cyfitter_cfg.c **** * the software package with which this file was provided.
  17:Generated_Source\PSoC5/cyfitter_cfg.c **** ********************************************************************************/
  18:Generated_Source\PSoC5/cyfitter_cfg.c **** 
  19:Generated_Source\PSoC5/cyfitter_cfg.c **** #include <string.h>
  20:Generated_Source\PSoC5/cyfitter_cfg.c **** #include "cytypes.h"
  21:Generated_Source\PSoC5/cyfitter_cfg.c **** #include "cydevice_trm.h"
  22:Generated_Source\PSoC5/cyfitter_cfg.c **** #include "cyfitter.h"
  23:Generated_Source\PSoC5/cyfitter_cfg.c **** #include "CyLib.h"
  24:Generated_Source\PSoC5/cyfitter_cfg.c **** #include "cyfitter_cfg.h"
  25:Generated_Source\PSoC5/cyfitter_cfg.c **** #include "cyapicallbacks.h"
  26:Generated_Source\PSoC5/cyfitter_cfg.c **** 
  27:Generated_Source\PSoC5/cyfitter_cfg.c **** #define CY_NEED_CYCLOCKSTARTUPERROR 1
  28:Generated_Source\PSoC5/cyfitter_cfg.c **** 
  29:Generated_Source\PSoC5/cyfitter_cfg.c **** 
  30:Generated_Source\PSoC5/cyfitter_cfg.c **** #if defined(__GNUC__) || defined(__ARMCC_VERSION)
  31:Generated_Source\PSoC5/cyfitter_cfg.c ****     #define CYPACKED 
ARM GAS  C:\Users\User\AppData\Local\Temp\cc9JhhhI.s 			page 2


  32:Generated_Source\PSoC5/cyfitter_cfg.c ****     #define CYPACKED_ATTR __attribute__ ((packed))
  33:Generated_Source\PSoC5/cyfitter_cfg.c ****     #define CYALIGNED __attribute__ ((aligned))
  34:Generated_Source\PSoC5/cyfitter_cfg.c ****     #define CY_CFG_UNUSED __attribute__ ((unused))
  35:Generated_Source\PSoC5/cyfitter_cfg.c ****     #ifndef CY_CFG_SECTION
  36:Generated_Source\PSoC5/cyfitter_cfg.c ****         #define CY_CFG_SECTION __attribute__ ((section(".psocinit")))
  37:Generated_Source\PSoC5/cyfitter_cfg.c ****     #endif
  38:Generated_Source\PSoC5/cyfitter_cfg.c ****     
  39:Generated_Source\PSoC5/cyfitter_cfg.c ****     #if defined(__ARMCC_VERSION)
  40:Generated_Source\PSoC5/cyfitter_cfg.c ****         #define CY_CFG_MEMORY_BARRIER() __memory_changed()
  41:Generated_Source\PSoC5/cyfitter_cfg.c ****     #else
  42:Generated_Source\PSoC5/cyfitter_cfg.c ****         #define CY_CFG_MEMORY_BARRIER() __sync_synchronize()
  43:Generated_Source\PSoC5/cyfitter_cfg.c ****     #endif
  44:Generated_Source\PSoC5/cyfitter_cfg.c ****     
  45:Generated_Source\PSoC5/cyfitter_cfg.c **** #elif defined(__ICCARM__)
  46:Generated_Source\PSoC5/cyfitter_cfg.c ****     #include <intrinsics.h>
  47:Generated_Source\PSoC5/cyfitter_cfg.c **** 
  48:Generated_Source\PSoC5/cyfitter_cfg.c ****     #define CYPACKED __packed
  49:Generated_Source\PSoC5/cyfitter_cfg.c ****     #define CYPACKED_ATTR 
  50:Generated_Source\PSoC5/cyfitter_cfg.c ****     #define CYALIGNED _Pragma("data_alignment=4")
  51:Generated_Source\PSoC5/cyfitter_cfg.c ****     #define CY_CFG_UNUSED _Pragma("diag_suppress=Pe177")
  52:Generated_Source\PSoC5/cyfitter_cfg.c ****     #define CY_CFG_SECTION _Pragma("location=\".psocinit\"")
  53:Generated_Source\PSoC5/cyfitter_cfg.c ****     
  54:Generated_Source\PSoC5/cyfitter_cfg.c ****     #define CY_CFG_MEMORY_BARRIER() __DMB()
  55:Generated_Source\PSoC5/cyfitter_cfg.c ****     
  56:Generated_Source\PSoC5/cyfitter_cfg.c **** #else
  57:Generated_Source\PSoC5/cyfitter_cfg.c ****     #error Unsupported toolchain
  58:Generated_Source\PSoC5/cyfitter_cfg.c **** #endif
  59:Generated_Source\PSoC5/cyfitter_cfg.c **** 
  60:Generated_Source\PSoC5/cyfitter_cfg.c **** #ifndef CYCODE
  61:Generated_Source\PSoC5/cyfitter_cfg.c ****     #define CYCODE
  62:Generated_Source\PSoC5/cyfitter_cfg.c **** #endif
  63:Generated_Source\PSoC5/cyfitter_cfg.c **** #ifndef CYDATA
  64:Generated_Source\PSoC5/cyfitter_cfg.c ****     #define CYDATA
  65:Generated_Source\PSoC5/cyfitter_cfg.c **** #endif
  66:Generated_Source\PSoC5/cyfitter_cfg.c **** #ifndef CYFAR
  67:Generated_Source\PSoC5/cyfitter_cfg.c ****     #define CYFAR
  68:Generated_Source\PSoC5/cyfitter_cfg.c **** #endif
  69:Generated_Source\PSoC5/cyfitter_cfg.c **** #ifndef CYXDATA
  70:Generated_Source\PSoC5/cyfitter_cfg.c ****     #define CYXDATA
  71:Generated_Source\PSoC5/cyfitter_cfg.c **** #endif
  72:Generated_Source\PSoC5/cyfitter_cfg.c **** 
  73:Generated_Source\PSoC5/cyfitter_cfg.c **** 
  74:Generated_Source\PSoC5/cyfitter_cfg.c **** CY_CFG_UNUSED
  75:Generated_Source\PSoC5/cyfitter_cfg.c **** static void CYMEMZERO(void *s, size_t n);
  76:Generated_Source\PSoC5/cyfitter_cfg.c **** CY_CFG_UNUSED
  77:Generated_Source\PSoC5/cyfitter_cfg.c **** static void CYMEMZERO(void *s, size_t n)
  78:Generated_Source\PSoC5/cyfitter_cfg.c **** {
  79:Generated_Source\PSoC5/cyfitter_cfg.c **** 	(void)memset(s, 0, n);
  80:Generated_Source\PSoC5/cyfitter_cfg.c **** }
  81:Generated_Source\PSoC5/cyfitter_cfg.c **** CY_CFG_UNUSED
  82:Generated_Source\PSoC5/cyfitter_cfg.c **** static void CYCONFIGCPY(void *dest, const void *src, size_t n);
  83:Generated_Source\PSoC5/cyfitter_cfg.c **** CY_CFG_UNUSED
  84:Generated_Source\PSoC5/cyfitter_cfg.c **** static void CYCONFIGCPY(void *dest, const void *src, size_t n)
  85:Generated_Source\PSoC5/cyfitter_cfg.c **** {
  86:Generated_Source\PSoC5/cyfitter_cfg.c **** 	(void)memcpy(dest, src, n);
  87:Generated_Source\PSoC5/cyfitter_cfg.c **** }
  88:Generated_Source\PSoC5/cyfitter_cfg.c **** CY_CFG_UNUSED
ARM GAS  C:\Users\User\AppData\Local\Temp\cc9JhhhI.s 			page 3


  89:Generated_Source\PSoC5/cyfitter_cfg.c **** static void CYCONFIGCPYCODE(void *dest, const void *src, size_t n);
  90:Generated_Source\PSoC5/cyfitter_cfg.c **** CY_CFG_UNUSED
  91:Generated_Source\PSoC5/cyfitter_cfg.c **** static void CYCONFIGCPYCODE(void *dest, const void *src, size_t n)
  92:Generated_Source\PSoC5/cyfitter_cfg.c **** {
  93:Generated_Source\PSoC5/cyfitter_cfg.c **** 	(void)memcpy(dest, src, n);
  94:Generated_Source\PSoC5/cyfitter_cfg.c **** }
  95:Generated_Source\PSoC5/cyfitter_cfg.c **** 
  96:Generated_Source\PSoC5/cyfitter_cfg.c **** 
  97:Generated_Source\PSoC5/cyfitter_cfg.c **** 
  98:Generated_Source\PSoC5/cyfitter_cfg.c **** 
  99:Generated_Source\PSoC5/cyfitter_cfg.c **** /* Clock startup error codes                                                   */
 100:Generated_Source\PSoC5/cyfitter_cfg.c **** #define CYCLOCKSTART_NO_ERROR    0u
 101:Generated_Source\PSoC5/cyfitter_cfg.c **** #define CYCLOCKSTART_XTAL_ERROR  1u
 102:Generated_Source\PSoC5/cyfitter_cfg.c **** #define CYCLOCKSTART_32KHZ_ERROR 2u
 103:Generated_Source\PSoC5/cyfitter_cfg.c **** #define CYCLOCKSTART_PLL_ERROR   3u
 104:Generated_Source\PSoC5/cyfitter_cfg.c **** #define CYCLOCKSTART_FLL_ERROR   4u
 105:Generated_Source\PSoC5/cyfitter_cfg.c **** #define CYCLOCKSTART_WCO_ERROR   5u
 106:Generated_Source\PSoC5/cyfitter_cfg.c **** 
 107:Generated_Source\PSoC5/cyfitter_cfg.c **** 
 108:Generated_Source\PSoC5/cyfitter_cfg.c **** #ifdef CY_NEED_CYCLOCKSTARTUPERROR
 109:Generated_Source\PSoC5/cyfitter_cfg.c **** /*******************************************************************************
 110:Generated_Source\PSoC5/cyfitter_cfg.c **** * Function Name: CyClockStartupError
 111:Generated_Source\PSoC5/cyfitter_cfg.c **** ********************************************************************************
 112:Generated_Source\PSoC5/cyfitter_cfg.c **** * Summary:
 113:Generated_Source\PSoC5/cyfitter_cfg.c **** *  If an error is encountered during clock configuration (crystal startup error,
 114:Generated_Source\PSoC5/cyfitter_cfg.c **** *  PLL lock error, etc.), the system will end up here.  Unless reimplemented by
 115:Generated_Source\PSoC5/cyfitter_cfg.c **** *  the customer, this function will stop in an infinite loop.
 116:Generated_Source\PSoC5/cyfitter_cfg.c **** *
 117:Generated_Source\PSoC5/cyfitter_cfg.c **** * Parameters:
 118:Generated_Source\PSoC5/cyfitter_cfg.c **** *   void
 119:Generated_Source\PSoC5/cyfitter_cfg.c **** *
 120:Generated_Source\PSoC5/cyfitter_cfg.c **** * Return:
 121:Generated_Source\PSoC5/cyfitter_cfg.c **** *   void
 122:Generated_Source\PSoC5/cyfitter_cfg.c **** *
 123:Generated_Source\PSoC5/cyfitter_cfg.c **** *******************************************************************************/
 124:Generated_Source\PSoC5/cyfitter_cfg.c **** CY_CFG_UNUSED
 125:Generated_Source\PSoC5/cyfitter_cfg.c **** static void CyClockStartupError(uint8 errorCode);
 126:Generated_Source\PSoC5/cyfitter_cfg.c **** CY_CFG_UNUSED
 127:Generated_Source\PSoC5/cyfitter_cfg.c **** static void CyClockStartupError(uint8 errorCode)
 128:Generated_Source\PSoC5/cyfitter_cfg.c **** {
  27              		.loc 1 128 0
  28              		.cfi_startproc
  29              		@ Volatile: function does not return.
  30              		@ args = 0, pretend = 0, frame = 0
  31              		@ frame_needed = 0, uses_anonymous_args = 0
  32              		@ link register save eliminated.
  33              	.LVL0:
  34              	.L2:
  35 0000 FEE7     		b	.L2
  36              		.cfi_endproc
  37              	.LFE3:
  38              		.size	CyClockStartupError, .-CyClockStartupError
  39 0002 00BF     		.section	.text.AnalogSetDefault,"ax",%progbits
  40              		.align	2
  41              		.thumb
  42              		.thumb_func
  43              		.type	AnalogSetDefault, %function
ARM GAS  C:\Users\User\AppData\Local\Temp\cc9JhhhI.s 			page 4


  44              	AnalogSetDefault:
  45              	.LFB5:
 129:Generated_Source\PSoC5/cyfitter_cfg.c ****     /* To remove the compiler warning if errorCode not used.                */
 130:Generated_Source\PSoC5/cyfitter_cfg.c ****     errorCode = errorCode;
 131:Generated_Source\PSoC5/cyfitter_cfg.c **** 
 132:Generated_Source\PSoC5/cyfitter_cfg.c ****     /* If we have a clock startup error (bad MHz crystal, PLL lock, etc.),  */
 133:Generated_Source\PSoC5/cyfitter_cfg.c ****     /* we will end up here to allow the customer to implement something to  */
 134:Generated_Source\PSoC5/cyfitter_cfg.c ****     /* deal with the clock condition.                                       */
 135:Generated_Source\PSoC5/cyfitter_cfg.c **** 
 136:Generated_Source\PSoC5/cyfitter_cfg.c **** #ifdef CY_CFG_CLOCK_STARTUP_ERROR_CALLBACK
 137:Generated_Source\PSoC5/cyfitter_cfg.c ****     CY_CFG_Clock_Startup_ErrorCallback();
 138:Generated_Source\PSoC5/cyfitter_cfg.c **** #else
 139:Generated_Source\PSoC5/cyfitter_cfg.c ****     /*  If not using CY_CFG_CLOCK_STARTUP_ERROR_CALLBACK, place your clock startup code here. */
 140:Generated_Source\PSoC5/cyfitter_cfg.c ****     /* `#START CyClockStartupError` */
 141:Generated_Source\PSoC5/cyfitter_cfg.c **** 
 142:Generated_Source\PSoC5/cyfitter_cfg.c **** 
 143:Generated_Source\PSoC5/cyfitter_cfg.c **** 
 144:Generated_Source\PSoC5/cyfitter_cfg.c ****     /* `#END` */
 145:Generated_Source\PSoC5/cyfitter_cfg.c **** 
 146:Generated_Source\PSoC5/cyfitter_cfg.c ****     while(1) {}
 147:Generated_Source\PSoC5/cyfitter_cfg.c **** #endif /* CY_CFG_CLOCK_STARTUP_ERROR_CALLBACK */
 148:Generated_Source\PSoC5/cyfitter_cfg.c **** }
 149:Generated_Source\PSoC5/cyfitter_cfg.c **** #endif
 150:Generated_Source\PSoC5/cyfitter_cfg.c **** 
 151:Generated_Source\PSoC5/cyfitter_cfg.c **** /* IOPINS0_1 Address: CYREG_PRT1_DM0 Size (bytes): 8 */
 152:Generated_Source\PSoC5/cyfitter_cfg.c **** #define BS_IOPINS0_1_VAL ((const uint8 CYFAR *)0x48000000u)
 153:Generated_Source\PSoC5/cyfitter_cfg.c **** 
 154:Generated_Source\PSoC5/cyfitter_cfg.c **** /* IOPINS0_2 Address: CYREG_PRT2_DR Size (bytes): 10 */
 155:Generated_Source\PSoC5/cyfitter_cfg.c **** #define BS_IOPINS0_2_VAL ((const uint8 CYFAR *)0x48000008u)
 156:Generated_Source\PSoC5/cyfitter_cfg.c **** 
 157:Generated_Source\PSoC5/cyfitter_cfg.c **** 
 158:Generated_Source\PSoC5/cyfitter_cfg.c **** /*******************************************************************************
 159:Generated_Source\PSoC5/cyfitter_cfg.c **** * Function Name: ClockSetup
 160:Generated_Source\PSoC5/cyfitter_cfg.c **** ********************************************************************************
 161:Generated_Source\PSoC5/cyfitter_cfg.c **** *
 162:Generated_Source\PSoC5/cyfitter_cfg.c **** * Summary:
 163:Generated_Source\PSoC5/cyfitter_cfg.c **** *  Performs the initialization of all of the clocks in the device based on the
 164:Generated_Source\PSoC5/cyfitter_cfg.c **** *  settings in the Clock tab of the DWR.  This includes enabling the requested
 165:Generated_Source\PSoC5/cyfitter_cfg.c **** *  clocks and setting the necessary dividers to produce the desired frequency. 
 166:Generated_Source\PSoC5/cyfitter_cfg.c **** *
 167:Generated_Source\PSoC5/cyfitter_cfg.c **** * Parameters:
 168:Generated_Source\PSoC5/cyfitter_cfg.c **** *  void
 169:Generated_Source\PSoC5/cyfitter_cfg.c **** *
 170:Generated_Source\PSoC5/cyfitter_cfg.c **** * Return:
 171:Generated_Source\PSoC5/cyfitter_cfg.c **** *  void
 172:Generated_Source\PSoC5/cyfitter_cfg.c **** *
 173:Generated_Source\PSoC5/cyfitter_cfg.c **** *******************************************************************************/
 174:Generated_Source\PSoC5/cyfitter_cfg.c **** static void ClockSetup(void);
 175:Generated_Source\PSoC5/cyfitter_cfg.c **** static void ClockSetup(void)
 176:Generated_Source\PSoC5/cyfitter_cfg.c **** {
 177:Generated_Source\PSoC5/cyfitter_cfg.c **** 	uint32 timeout;
 178:Generated_Source\PSoC5/cyfitter_cfg.c **** 	uint8 pllLock;
 179:Generated_Source\PSoC5/cyfitter_cfg.c **** 
 180:Generated_Source\PSoC5/cyfitter_cfg.c **** 
 181:Generated_Source\PSoC5/cyfitter_cfg.c **** 	/* Configure ILO based on settings from Clock DWR */
 182:Generated_Source\PSoC5/cyfitter_cfg.c **** 	CY_SET_XTND_REG8((void CYFAR *)(CYREG_SLOWCLK_ILO_CR0), 0x02u);
 183:Generated_Source\PSoC5/cyfitter_cfg.c **** 	CY_SET_XTND_REG8((void CYFAR *)(CYREG_CLKDIST_CR), 0x08u);
ARM GAS  C:\Users\User\AppData\Local\Temp\cc9JhhhI.s 			page 5


 184:Generated_Source\PSoC5/cyfitter_cfg.c **** 
 185:Generated_Source\PSoC5/cyfitter_cfg.c **** 	/* Configure IMO based on settings from Clock DWR */
 186:Generated_Source\PSoC5/cyfitter_cfg.c **** 	CY_SET_XTND_REG8((void CYFAR *)(CYREG_FASTCLK_IMO_CR), 0x03u);
 187:Generated_Source\PSoC5/cyfitter_cfg.c **** 	CY_SET_XTND_REG8((void CYFAR *)(CYREG_IMO_TR1), (CY_GET_XTND_REG8((void CYFAR *)CYREG_FLSHID_CUST_
 188:Generated_Source\PSoC5/cyfitter_cfg.c **** 
 189:Generated_Source\PSoC5/cyfitter_cfg.c **** 	/* Configure PLL based on settings from Clock DWR */
 190:Generated_Source\PSoC5/cyfitter_cfg.c **** 	CY_SET_XTND_REG16((void CYFAR *)(CYREG_FASTCLK_PLL_P), 0x0008u);
 191:Generated_Source\PSoC5/cyfitter_cfg.c **** 	CY_SET_XTND_REG16((void CYFAR *)(CYREG_FASTCLK_PLL_CFG0), 0x1251u);
 192:Generated_Source\PSoC5/cyfitter_cfg.c **** 	/* Wait up to 250us for the PLL to lock */
 193:Generated_Source\PSoC5/cyfitter_cfg.c **** 	pllLock = 0u;
 194:Generated_Source\PSoC5/cyfitter_cfg.c **** 	for (timeout = 250u / 10u; (timeout > 0u) && (pllLock != 0x03u); timeout--)
 195:Generated_Source\PSoC5/cyfitter_cfg.c **** 	{ 
 196:Generated_Source\PSoC5/cyfitter_cfg.c **** 		pllLock = 0x03u & ((uint8)((uint8)pllLock << 1) | ((CY_GET_XTND_REG8((void CYFAR *)CYREG_FASTCLK_
 197:Generated_Source\PSoC5/cyfitter_cfg.c **** 		CyDelayCycles(10u * 48u); /* Delay 10us based on 48MHz clock */
 198:Generated_Source\PSoC5/cyfitter_cfg.c **** 	}
 199:Generated_Source\PSoC5/cyfitter_cfg.c **** 	/* If we ran out of time the PLL didn't lock so go to the error function */
 200:Generated_Source\PSoC5/cyfitter_cfg.c **** 	if (timeout == 0u)
 201:Generated_Source\PSoC5/cyfitter_cfg.c **** 	{
 202:Generated_Source\PSoC5/cyfitter_cfg.c **** 		CyClockStartupError(CYCLOCKSTART_PLL_ERROR);
 203:Generated_Source\PSoC5/cyfitter_cfg.c **** 	}
 204:Generated_Source\PSoC5/cyfitter_cfg.c **** 
 205:Generated_Source\PSoC5/cyfitter_cfg.c **** 	/* Configure Bus/Master Clock based on settings from Clock DWR */
 206:Generated_Source\PSoC5/cyfitter_cfg.c **** 	CY_SET_XTND_REG16((void CYFAR *)(CYREG_CLKDIST_MSTR0), 0x0100u);
 207:Generated_Source\PSoC5/cyfitter_cfg.c **** 	CY_SET_XTND_REG8((void CYFAR *)(CYREG_CLKDIST_MSTR0), 0x07u);
 208:Generated_Source\PSoC5/cyfitter_cfg.c **** 	CY_SET_XTND_REG8((void CYFAR *)(CYREG_CLKDIST_BCFG0), 0x00u);
 209:Generated_Source\PSoC5/cyfitter_cfg.c **** 	CY_SET_XTND_REG8((void CYFAR *)(CYREG_CLKDIST_BCFG2), 0x48u);
 210:Generated_Source\PSoC5/cyfitter_cfg.c **** 	CY_SET_XTND_REG8((void CYFAR *)(CYREG_CLKDIST_MSTR0), 0x00u);
 211:Generated_Source\PSoC5/cyfitter_cfg.c **** 	CY_SET_XTND_REG8((void CYFAR *)(CYREG_CLKDIST_LD), 0x02u);
 212:Generated_Source\PSoC5/cyfitter_cfg.c **** }
 213:Generated_Source\PSoC5/cyfitter_cfg.c **** 
 214:Generated_Source\PSoC5/cyfitter_cfg.c **** 
 215:Generated_Source\PSoC5/cyfitter_cfg.c **** /* Analog API Functions */
 216:Generated_Source\PSoC5/cyfitter_cfg.c **** 
 217:Generated_Source\PSoC5/cyfitter_cfg.c **** 
 218:Generated_Source\PSoC5/cyfitter_cfg.c **** /*******************************************************************************
 219:Generated_Source\PSoC5/cyfitter_cfg.c **** * Function Name: AnalogSetDefault
 220:Generated_Source\PSoC5/cyfitter_cfg.c **** ********************************************************************************
 221:Generated_Source\PSoC5/cyfitter_cfg.c **** *
 222:Generated_Source\PSoC5/cyfitter_cfg.c **** * Summary:
 223:Generated_Source\PSoC5/cyfitter_cfg.c **** *  Sets up the analog portions of the chip to default values based on chip
 224:Generated_Source\PSoC5/cyfitter_cfg.c **** *  configuration options from the project.
 225:Generated_Source\PSoC5/cyfitter_cfg.c **** *
 226:Generated_Source\PSoC5/cyfitter_cfg.c **** * Parameters:
 227:Generated_Source\PSoC5/cyfitter_cfg.c **** *  void
 228:Generated_Source\PSoC5/cyfitter_cfg.c **** *
 229:Generated_Source\PSoC5/cyfitter_cfg.c **** * Return:
 230:Generated_Source\PSoC5/cyfitter_cfg.c **** *  void
 231:Generated_Source\PSoC5/cyfitter_cfg.c **** *
 232:Generated_Source\PSoC5/cyfitter_cfg.c **** *******************************************************************************/
 233:Generated_Source\PSoC5/cyfitter_cfg.c **** static void AnalogSetDefault(void);
 234:Generated_Source\PSoC5/cyfitter_cfg.c **** static void AnalogSetDefault(void)
 235:Generated_Source\PSoC5/cyfitter_cfg.c **** {
  46              		.loc 1 235 0
  47              		.cfi_startproc
  48              		@ args = 0, pretend = 0, frame = 0
  49              		@ frame_needed = 0, uses_anonymous_args = 0
  50              		@ link register save eliminated.
ARM GAS  C:\Users\User\AppData\Local\Temp\cc9JhhhI.s 			page 6


 236:Generated_Source\PSoC5/cyfitter_cfg.c **** 	uint8 bg_xover_inl_trim = CY_GET_XTND_REG8((void CYFAR *)(CYREG_FLSHID_MFG_CFG_BG_XOVER_INL_TRIM +
  51              		.loc 1 236 0
  52 0000 064B     		ldr	r3, .L4
  53 0002 1B78     		ldrb	r3, [r3]	@ zero_extendqisi2
  54 0004 DBB2     		uxtb	r3, r3
  55              	.LVL1:
 237:Generated_Source\PSoC5/cyfitter_cfg.c **** 	CY_SET_XTND_REG8((void CYFAR *)(CYREG_BG_DFT0), (bg_xover_inl_trim & 0x07u));
  56              		.loc 1 237 0
  57 0006 03F00701 		and	r1, r3, #7
  58 000a 054A     		ldr	r2, .L4+4
  59 000c 1170     		strb	r1, [r2]
 238:Generated_Source\PSoC5/cyfitter_cfg.c **** 	CY_SET_XTND_REG8((void CYFAR *)(CYREG_BG_DFT1), ((bg_xover_inl_trim >> 4) & 0x0Fu));
  60              		.loc 1 238 0
  61 000e 1B09     		lsrs	r3, r3, #4
  62              	.LVL2:
  63 0010 0132     		adds	r2, r2, #1
  64 0012 1370     		strb	r3, [r2]
 239:Generated_Source\PSoC5/cyfitter_cfg.c **** 	CY_SET_XTND_REG8((void CYFAR *)CYREG_PUMP_CR0, 0x44u);
  65              		.loc 1 239 0
  66 0014 4422     		movs	r2, #68
  67 0016 034B     		ldr	r3, .L4+8
  68 0018 1A70     		strb	r2, [r3]
  69 001a 7047     		bx	lr
  70              	.L5:
  71              		.align	2
  72              	.L4:
  73 001c CF010049 		.word	1224737231
  74 0020 6E580040 		.word	1073764462
  75 0024 76580040 		.word	1073764470
  76              		.cfi_endproc
  77              	.LFE5:
  78              		.size	AnalogSetDefault, .-AnalogSetDefault
  79              		.section	.text.CYMEMZERO,"ax",%progbits
  80              		.align	2
  81              		.thumb
  82              		.thumb_func
  83              		.type	CYMEMZERO, %function
  84              	CYMEMZERO:
  85              	.LFB0:
  78:Generated_Source\PSoC5/cyfitter_cfg.c **** 	(void)memset(s, 0, n);
  86              		.loc 1 78 0
  87              		.cfi_startproc
  88              		@ args = 0, pretend = 0, frame = 0
  89              		@ frame_needed = 0, uses_anonymous_args = 0
  90              	.LVL3:
  91 0000 08B5     		push	{r3, lr}
  92              		.cfi_def_cfa_offset 8
  93              		.cfi_offset 3, -8
  94              		.cfi_offset 14, -4
  79:Generated_Source\PSoC5/cyfitter_cfg.c **** }
  95              		.loc 1 79 0
  96 0002 0A46     		mov	r2, r1
  97 0004 0021     		movs	r1, #0
  98              	.LVL4:
  99 0006 FFF7FEFF 		bl	memset
 100              	.LVL5:
 101 000a 08BD     		pop	{r3, pc}
ARM GAS  C:\Users\User\AppData\Local\Temp\cc9JhhhI.s 			page 7


 102              		.cfi_endproc
 103              	.LFE0:
 104              		.size	CYMEMZERO, .-CYMEMZERO
 105              		.section	.text.ClockSetup,"ax",%progbits
 106              		.align	2
 107              		.thumb
 108              		.thumb_func
 109              		.type	ClockSetup, %function
 110              	ClockSetup:
 111              	.LFB4:
 176:Generated_Source\PSoC5/cyfitter_cfg.c **** 	uint32 timeout;
 112              		.loc 1 176 0
 113              		.cfi_startproc
 114              		@ args = 0, pretend = 0, frame = 0
 115              		@ frame_needed = 0, uses_anonymous_args = 0
 116 0000 38B5     		push	{r3, r4, r5, lr}
 117              		.cfi_def_cfa_offset 16
 118              		.cfi_offset 3, -16
 119              		.cfi_offset 4, -12
 120              		.cfi_offset 5, -8
 121              		.cfi_offset 14, -4
 182:Generated_Source\PSoC5/cyfitter_cfg.c **** 	CY_SET_XTND_REG8((void CYFAR *)(CYREG_CLKDIST_CR), 0x08u);
 122              		.loc 1 182 0
 123 0002 0222     		movs	r2, #2
 124 0004 1E4B     		ldr	r3, .L14
 125 0006 1A70     		strb	r2, [r3]
 183:Generated_Source\PSoC5/cyfitter_cfg.c **** 
 126              		.loc 1 183 0
 127 0008 0822     		movs	r2, #8
 128 000a 4FF04023 		mov	r3, #1073758208
 129 000e 1A70     		strb	r2, [r3]
 186:Generated_Source\PSoC5/cyfitter_cfg.c **** 	CY_SET_XTND_REG8((void CYFAR *)(CYREG_IMO_TR1), (CY_GET_XTND_REG8((void CYFAR *)CYREG_FLSHID_CUST_
 130              		.loc 1 186 0
 131 0010 0321     		movs	r1, #3
 132 0012 03F50073 		add	r3, r3, #512
 133 0016 1970     		strb	r1, [r3]
 187:Generated_Source\PSoC5/cyfitter_cfg.c **** 
 134              		.loc 1 187 0
 135 0018 1A4B     		ldr	r3, .L14+4
 136 001a 1B78     		ldrb	r3, [r3]	@ zero_extendqisi2
 137 001c DBB2     		uxtb	r3, r3
 138 001e 1A49     		ldr	r1, .L14+8
 139 0020 0B70     		strb	r3, [r1]
 190:Generated_Source\PSoC5/cyfitter_cfg.c **** 	CY_SET_XTND_REG16((void CYFAR *)(CYREG_FASTCLK_PLL_CFG0), 0x1251u);
 140              		.loc 1 190 0
 141 0022 1A4B     		ldr	r3, .L14+12
 142 0024 1A80     		strh	r2, [r3]	@ movhi
 191:Generated_Source\PSoC5/cyfitter_cfg.c **** 	/* Wait up to 250us for the PLL to lock */
 143              		.loc 1 191 0
 144 0026 41F25122 		movw	r2, #4689
 145 002a 023B     		subs	r3, r3, #2
 146 002c 1A80     		strh	r2, [r3]	@ movhi
 147              	.LVL6:
 193:Generated_Source\PSoC5/cyfitter_cfg.c **** 	for (timeout = 250u / 10u; (timeout > 0u) && (pllLock != 0x03u); timeout--)
 148              		.loc 1 193 0
 149 002e 0024     		movs	r4, #0
 194:Generated_Source\PSoC5/cyfitter_cfg.c **** 	{ 
ARM GAS  C:\Users\User\AppData\Local\Temp\cc9JhhhI.s 			page 8


 150              		.loc 1 194 0
 151 0030 1925     		movs	r5, #25
 152 0032 0CE0     		b	.L9
 153              	.LVL7:
 154              	.L11:
 196:Generated_Source\PSoC5/cyfitter_cfg.c **** 		CyDelayCycles(10u * 48u); /* Delay 10us based on 48MHz clock */
 155              		.loc 1 196 0 discriminator 4
 156 0034 164B     		ldr	r3, .L14+16
 157 0036 1B78     		ldrb	r3, [r3]	@ zero_extendqisi2
 158 0038 03F00103 		and	r3, r3, #1
 159 003c 43EA4404 		orr	r4, r3, r4, lsl #1
 160              	.LVL8:
 161 0040 04F00304 		and	r4, r4, #3
 162              	.LVL9:
 197:Generated_Source\PSoC5/cyfitter_cfg.c **** 	}
 163              		.loc 1 197 0 discriminator 4
 164 0044 4FF4F070 		mov	r0, #480
 165 0048 FFF7FEFF 		bl	CyDelayCycles
 166              	.LVL10:
 194:Generated_Source\PSoC5/cyfitter_cfg.c **** 	{ 
 167              		.loc 1 194 0 discriminator 4
 168 004c 013D     		subs	r5, r5, #1
 169              	.LVL11:
 170              	.L9:
 194:Generated_Source\PSoC5/cyfitter_cfg.c **** 	{ 
 171              		.loc 1 194 0 is_stmt 0 discriminator 1
 172 004e 0DB1     		cbz	r5, .L10
 194:Generated_Source\PSoC5/cyfitter_cfg.c **** 	{ 
 173              		.loc 1 194 0 discriminator 3
 174 0050 032C     		cmp	r4, #3
 175 0052 EFD1     		bne	.L11
 176              	.L10:
 200:Generated_Source\PSoC5/cyfitter_cfg.c **** 	{
 177              		.loc 1 200 0 is_stmt 1
 178 0054 15B9     		cbnz	r5, .L12
 202:Generated_Source\PSoC5/cyfitter_cfg.c **** 	}
 179              		.loc 1 202 0
 180 0056 0320     		movs	r0, #3
 181 0058 FFF7FEFF 		bl	CyClockStartupError
 182              	.LVL12:
 183              	.L12:
 206:Generated_Source\PSoC5/cyfitter_cfg.c **** 	CY_SET_XTND_REG8((void CYFAR *)(CYREG_CLKDIST_MSTR0), 0x07u);
 184              		.loc 1 206 0
 185 005c 0D4B     		ldr	r3, .L14+20
 186 005e 4FF48072 		mov	r2, #256
 187 0062 1A80     		strh	r2, [r3]	@ movhi
 207:Generated_Source\PSoC5/cyfitter_cfg.c **** 	CY_SET_XTND_REG8((void CYFAR *)(CYREG_CLKDIST_BCFG0), 0x00u);
 188              		.loc 1 207 0
 189 0064 0722     		movs	r2, #7
 190 0066 1A70     		strb	r2, [r3]
 208:Generated_Source\PSoC5/cyfitter_cfg.c **** 	CY_SET_XTND_REG8((void CYFAR *)(CYREG_CLKDIST_BCFG2), 0x48u);
 191              		.loc 1 208 0
 192 0068 0022     		movs	r2, #0
 193 006a 0B49     		ldr	r1, .L14+24
 194 006c 0A70     		strb	r2, [r1]
 209:Generated_Source\PSoC5/cyfitter_cfg.c **** 	CY_SET_XTND_REG8((void CYFAR *)(CYREG_CLKDIST_MSTR0), 0x00u);
 195              		.loc 1 209 0
ARM GAS  C:\Users\User\AppData\Local\Temp\cc9JhhhI.s 			page 9


 196 006e 4820     		movs	r0, #72
 197 0070 0231     		adds	r1, r1, #2
 198 0072 0870     		strb	r0, [r1]
 210:Generated_Source\PSoC5/cyfitter_cfg.c **** 	CY_SET_XTND_REG8((void CYFAR *)(CYREG_CLKDIST_LD), 0x02u);
 199              		.loc 1 210 0
 200 0074 1A70     		strb	r2, [r3]
 211:Generated_Source\PSoC5/cyfitter_cfg.c **** }
 201              		.loc 1 211 0
 202 0076 0222     		movs	r2, #2
 203 0078 033B     		subs	r3, r3, #3
 204 007a 1A70     		strb	r2, [r3]
 205 007c 38BD     		pop	{r3, r4, r5, pc}
 206              	.LVL13:
 207              	.L15:
 208 007e 00BF     		.align	2
 209              	.L14:
 210 0080 00430040 		.word	1073758976
 211 0084 08010049 		.word	1224737032
 212 0088 A1460040 		.word	1073759905
 213 008c 22420040 		.word	1073758754
 214 0090 25420040 		.word	1073758757
 215 0094 04400040 		.word	1073758212
 216 0098 06400040 		.word	1073758214
 217              		.cfi_endproc
 218              	.LFE4:
 219              		.size	ClockSetup, .-ClockSetup
 220              		.section	.text.CYCONFIGCPY,"ax",%progbits
 221              		.align	2
 222              		.thumb
 223              		.thumb_func
 224              		.type	CYCONFIGCPY, %function
 225              	CYCONFIGCPY:
 226              	.LFB1:
  85:Generated_Source\PSoC5/cyfitter_cfg.c **** 	(void)memcpy(dest, src, n);
 227              		.loc 1 85 0
 228              		.cfi_startproc
 229              		@ args = 0, pretend = 0, frame = 0
 230              		@ frame_needed = 0, uses_anonymous_args = 0
 231              	.LVL14:
 232 0000 08B5     		push	{r3, lr}
 233              		.cfi_def_cfa_offset 8
 234              		.cfi_offset 3, -8
 235              		.cfi_offset 14, -4
  86:Generated_Source\PSoC5/cyfitter_cfg.c **** }
 236              		.loc 1 86 0
 237 0002 FFF7FEFF 		bl	memcpy
 238              	.LVL15:
 239 0006 08BD     		pop	{r3, pc}
 240              		.cfi_endproc
 241              	.LFE1:
 242              		.size	CYCONFIGCPY, .-CYCONFIGCPY
 243              		.section	.text.SetAnalogRoutingPumps,"ax",%progbits
 244              		.align	2
 245              		.global	SetAnalogRoutingPumps
 246              		.thumb
 247              		.thumb_func
 248              		.type	SetAnalogRoutingPumps, %function
ARM GAS  C:\Users\User\AppData\Local\Temp\cc9JhhhI.s 			page 10


 249              	SetAnalogRoutingPumps:
 250              	.LFB6:
 240:Generated_Source\PSoC5/cyfitter_cfg.c **** }
 241:Generated_Source\PSoC5/cyfitter_cfg.c **** 
 242:Generated_Source\PSoC5/cyfitter_cfg.c **** 
 243:Generated_Source\PSoC5/cyfitter_cfg.c **** /*******************************************************************************
 244:Generated_Source\PSoC5/cyfitter_cfg.c **** * Function Name: SetAnalogRoutingPumps
 245:Generated_Source\PSoC5/cyfitter_cfg.c **** ********************************************************************************
 246:Generated_Source\PSoC5/cyfitter_cfg.c **** *
 247:Generated_Source\PSoC5/cyfitter_cfg.c **** * Summary:
 248:Generated_Source\PSoC5/cyfitter_cfg.c **** * Enables or disables the analog pumps feeding analog routing switches.
 249:Generated_Source\PSoC5/cyfitter_cfg.c **** * Intended to be called at startup, based on the Vdda system configuration;
 250:Generated_Source\PSoC5/cyfitter_cfg.c **** * may be called during operation when the user informs us that the Vdda voltage
 251:Generated_Source\PSoC5/cyfitter_cfg.c **** * crossed the pump threshold.
 252:Generated_Source\PSoC5/cyfitter_cfg.c **** *
 253:Generated_Source\PSoC5/cyfitter_cfg.c **** * Parameters:
 254:Generated_Source\PSoC5/cyfitter_cfg.c **** *  enabled - 1 to enable the pumps, 0 to disable the pumps
 255:Generated_Source\PSoC5/cyfitter_cfg.c **** *
 256:Generated_Source\PSoC5/cyfitter_cfg.c **** * Return:
 257:Generated_Source\PSoC5/cyfitter_cfg.c **** *  void
 258:Generated_Source\PSoC5/cyfitter_cfg.c **** *
 259:Generated_Source\PSoC5/cyfitter_cfg.c **** *******************************************************************************/
 260:Generated_Source\PSoC5/cyfitter_cfg.c **** void SetAnalogRoutingPumps(uint8 enabled)
 261:Generated_Source\PSoC5/cyfitter_cfg.c **** {
 251              		.loc 1 261 0
 252              		.cfi_startproc
 253              		@ args = 0, pretend = 0, frame = 0
 254              		@ frame_needed = 0, uses_anonymous_args = 0
 255              		@ link register save eliminated.
 256              	.LVL16:
 262:Generated_Source\PSoC5/cyfitter_cfg.c **** 	uint8 regValue = CY_GET_XTND_REG8((void CYFAR *)CYREG_PUMP_CR0);
 257              		.loc 1 262 0
 258 0000 024A     		ldr	r2, .L19
 259 0002 1378     		ldrb	r3, [r2]	@ zero_extendqisi2
 260 0004 DBB2     		uxtb	r3, r3
 261              	.LVL17:
 263:Generated_Source\PSoC5/cyfitter_cfg.c **** 	if (enabled != 0u)
 264:Generated_Source\PSoC5/cyfitter_cfg.c **** 	{
 265:Generated_Source\PSoC5/cyfitter_cfg.c **** 		regValue |= 0x00u;
 266:Generated_Source\PSoC5/cyfitter_cfg.c **** 	}
 267:Generated_Source\PSoC5/cyfitter_cfg.c **** 	else
 268:Generated_Source\PSoC5/cyfitter_cfg.c **** 	{
 269:Generated_Source\PSoC5/cyfitter_cfg.c **** 		regValue &= (uint8)~0x00u;
 270:Generated_Source\PSoC5/cyfitter_cfg.c **** 	}
 271:Generated_Source\PSoC5/cyfitter_cfg.c **** 	CY_SET_XTND_REG8((void CYFAR *)CYREG_PUMP_CR0, regValue);
 262              		.loc 1 271 0
 263 0006 1370     		strb	r3, [r2]
 264 0008 7047     		bx	lr
 265              	.L20:
 266 000a 00BF     		.align	2
 267              	.L19:
 268 000c 76580040 		.word	1073764470
 269              		.cfi_endproc
 270              	.LFE6:
 271              		.size	SetAnalogRoutingPumps, .-SetAnalogRoutingPumps
 272              		.section	.text.cyfitter_cfg,"ax",%progbits
 273              		.align	2
ARM GAS  C:\Users\User\AppData\Local\Temp\cc9JhhhI.s 			page 11


 274              		.global	cyfitter_cfg
 275              		.thumb
 276              		.thumb_func
 277              		.type	cyfitter_cfg, %function
 278              	cyfitter_cfg:
 279              	.LFB7:
 272:Generated_Source\PSoC5/cyfitter_cfg.c **** }
 273:Generated_Source\PSoC5/cyfitter_cfg.c **** 
 274:Generated_Source\PSoC5/cyfitter_cfg.c **** 
 275:Generated_Source\PSoC5/cyfitter_cfg.c **** 
 276:Generated_Source\PSoC5/cyfitter_cfg.c **** 
 277:Generated_Source\PSoC5/cyfitter_cfg.c **** /*******************************************************************************
 278:Generated_Source\PSoC5/cyfitter_cfg.c **** * Function Name: cyfitter_cfg
 279:Generated_Source\PSoC5/cyfitter_cfg.c **** ********************************************************************************
 280:Generated_Source\PSoC5/cyfitter_cfg.c **** * Summary:
 281:Generated_Source\PSoC5/cyfitter_cfg.c **** *  This function is called by the start-up code for the selected device. It
 282:Generated_Source\PSoC5/cyfitter_cfg.c **** *  performs all of the necessary device configuration based on the design
 283:Generated_Source\PSoC5/cyfitter_cfg.c **** *  settings.  This includes settings from the Design Wide Resources (DWR) such
 284:Generated_Source\PSoC5/cyfitter_cfg.c **** *  as Clocks and Pins as well as any component configuration that is necessary.
 285:Generated_Source\PSoC5/cyfitter_cfg.c **** *
 286:Generated_Source\PSoC5/cyfitter_cfg.c **** * Parameters:
 287:Generated_Source\PSoC5/cyfitter_cfg.c **** *   void
 288:Generated_Source\PSoC5/cyfitter_cfg.c **** *
 289:Generated_Source\PSoC5/cyfitter_cfg.c **** * Return:
 290:Generated_Source\PSoC5/cyfitter_cfg.c **** *   void
 291:Generated_Source\PSoC5/cyfitter_cfg.c **** *
 292:Generated_Source\PSoC5/cyfitter_cfg.c **** *******************************************************************************/
 293:Generated_Source\PSoC5/cyfitter_cfg.c **** 
 294:Generated_Source\PSoC5/cyfitter_cfg.c **** void cyfitter_cfg(void)
 295:Generated_Source\PSoC5/cyfitter_cfg.c **** {
 280              		.loc 1 295 0
 281              		.cfi_startproc
 282              		@ args = 0, pretend = 0, frame = 0
 283              		@ frame_needed = 0, uses_anonymous_args = 0
 284 0000 38B5     		push	{r3, r4, r5, lr}
 285              		.cfi_def_cfa_offset 16
 286              		.cfi_offset 3, -16
 287              		.cfi_offset 4, -12
 288              		.cfi_offset 5, -8
 289              		.cfi_offset 14, -4
 296:Generated_Source\PSoC5/cyfitter_cfg.c **** #ifdef CYGlobalIntDisable
 297:Generated_Source\PSoC5/cyfitter_cfg.c **** 	/* Disable interrupts by default. Let user enable if/when they want. */
 298:Generated_Source\PSoC5/cyfitter_cfg.c **** 	CYGlobalIntDisable
 290              		.loc 1 298 0
 291              		.syntax unified
 292              	@ 298 "Generated_Source\PSoC5\cyfitter_cfg.c" 1
 293 0002 72B6     		CPSID   i
 294              	@ 0 "" 2
 295              	.LVL18:
 296              		.thumb
 297              		.syntax unified
 298              	.LBB2:
 299:Generated_Source\PSoC5/cyfitter_cfg.c **** #endif
 300:Generated_Source\PSoC5/cyfitter_cfg.c **** 
 301:Generated_Source\PSoC5/cyfitter_cfg.c **** 	{
 302:Generated_Source\PSoC5/cyfitter_cfg.c **** 
 303:Generated_Source\PSoC5/cyfitter_cfg.c **** 		CYPACKED typedef struct {
ARM GAS  C:\Users\User\AppData\Local\Temp\cc9JhhhI.s 			page 12


 304:Generated_Source\PSoC5/cyfitter_cfg.c **** 			void CYFAR *address;
 305:Generated_Source\PSoC5/cyfitter_cfg.c **** 			uint16 size;
 306:Generated_Source\PSoC5/cyfitter_cfg.c **** 		} CYPACKED_ATTR cfg_memset_t;
 307:Generated_Source\PSoC5/cyfitter_cfg.c **** 
 308:Generated_Source\PSoC5/cyfitter_cfg.c **** 		static const cfg_memset_t CYCODE cfg_memset_list[] = {
 309:Generated_Source\PSoC5/cyfitter_cfg.c **** 			/* address, size */
 310:Generated_Source\PSoC5/cyfitter_cfg.c **** 			{(void CYFAR *)(CYREG_PRT0_DR), 16u},
 311:Generated_Source\PSoC5/cyfitter_cfg.c **** 			{(void CYFAR *)(CYREG_PRT3_DR), 64u},
 312:Generated_Source\PSoC5/cyfitter_cfg.c **** 			{(void CYFAR *)(CYREG_PRT12_DR), 16u},
 313:Generated_Source\PSoC5/cyfitter_cfg.c **** 			{(void CYFAR *)(CYREG_PRT15_DR), 16u},
 314:Generated_Source\PSoC5/cyfitter_cfg.c **** 			{(void CYFAR *)(CYDEV_UCFG_B0_P0_U0_BASE), 4096u},
 315:Generated_Source\PSoC5/cyfitter_cfg.c **** 			{(void CYFAR *)(CYDEV_UCFG_B1_P2_U0_BASE), 2048u},
 316:Generated_Source\PSoC5/cyfitter_cfg.c **** 			{(void CYFAR *)(CYDEV_UCFG_DSI0_BASE), 2560u},
 317:Generated_Source\PSoC5/cyfitter_cfg.c **** 			{(void CYFAR *)(CYDEV_UCFG_DSI12_BASE), 512u},
 318:Generated_Source\PSoC5/cyfitter_cfg.c **** 			{(void CYFAR *)(CYREG_BCTL0_MDCLK_EN), 32u},
 319:Generated_Source\PSoC5/cyfitter_cfg.c **** 		};
 320:Generated_Source\PSoC5/cyfitter_cfg.c **** 
 321:Generated_Source\PSoC5/cyfitter_cfg.c **** 		uint8 CYDATA i;
 322:Generated_Source\PSoC5/cyfitter_cfg.c **** 
 323:Generated_Source\PSoC5/cyfitter_cfg.c **** 		/* Zero out critical memory blocks before beginning configuration */
 324:Generated_Source\PSoC5/cyfitter_cfg.c **** 		for (i = 0u; i < (sizeof(cfg_memset_list)/sizeof(cfg_memset_list[0])); i++)
 299              		.loc 1 324 0
 300 0004 0024     		movs	r4, #0
 301 0006 0CE0     		b	.L22
 302              	.LVL19:
 303              	.L23:
 304              	.LBB3:
 325:Generated_Source\PSoC5/cyfitter_cfg.c **** 		{
 326:Generated_Source\PSoC5/cyfitter_cfg.c **** 			const cfg_memset_t CYCODE * CYDATA ms = &cfg_memset_list[i];
 327:Generated_Source\PSoC5/cyfitter_cfg.c **** 			CYMEMZERO(ms->address, (size_t)(uint32)(ms->size));
 305              		.loc 1 327 0 discriminator 3
 306 0008 1D4D     		ldr	r5, .L25
 307 000a 6300     		lsls	r3, r4, #1
 308 000c 1919     		adds	r1, r3, r4
 309 000e 4A00     		lsls	r2, r1, #1
 310 0010 1146     		mov	r1, r2
 311 0012 2A44     		add	r2, r2, r5
 312 0014 0846     		mov	r0, r1
 313 0016 9188     		ldrh	r1, [r2, #4]
 314 0018 2858     		ldr	r0, [r5, r0]	@ unaligned
 315 001a FFF7FEFF 		bl	CYMEMZERO
 316              	.LVL20:
 317              	.LBE3:
 324:Generated_Source\PSoC5/cyfitter_cfg.c **** 		{
 318              		.loc 1 324 0 discriminator 3
 319 001e 0134     		adds	r4, r4, #1
 320              	.LVL21:
 321 0020 E4B2     		uxtb	r4, r4
 322              	.LVL22:
 323              	.L22:
 324:Generated_Source\PSoC5/cyfitter_cfg.c **** 		{
 324              		.loc 1 324 0 is_stmt 0 discriminator 1
 325 0022 082C     		cmp	r4, #8
 326 0024 F0D9     		bls	.L23
 328:Generated_Source\PSoC5/cyfitter_cfg.c **** 		}
 329:Generated_Source\PSoC5/cyfitter_cfg.c **** 
 330:Generated_Source\PSoC5/cyfitter_cfg.c **** 		/* Enable digital routing */
ARM GAS  C:\Users\User\AppData\Local\Temp\cc9JhhhI.s 			page 13


 331:Generated_Source\PSoC5/cyfitter_cfg.c **** 		CY_SET_XTND_REG8((void CYFAR *)CYREG_BCTL0_BANK_CTL, CY_GET_XTND_REG8((void CYFAR *)CYREG_BCTL0_B
 327              		.loc 1 331 0 is_stmt 1
 328 0026 174A     		ldr	r2, .L25+4
 329 0028 1378     		ldrb	r3, [r2]	@ zero_extendqisi2
 330 002a 43F00203 		orr	r3, r3, #2
 331 002e 1370     		strb	r3, [r2]
 332:Generated_Source\PSoC5/cyfitter_cfg.c **** 		CY_SET_XTND_REG8((void CYFAR *)CYREG_BCTL1_BANK_CTL, CY_GET_XTND_REG8((void CYFAR *)CYREG_BCTL1_B
 332              		.loc 1 332 0
 333 0030 1032     		adds	r2, r2, #16
 334 0032 1378     		ldrb	r3, [r2]	@ zero_extendqisi2
 335 0034 43F00203 		orr	r3, r3, #2
 336 0038 1370     		strb	r3, [r2]
 337              	.LBE2:
 333:Generated_Source\PSoC5/cyfitter_cfg.c **** 	}
 334:Generated_Source\PSoC5/cyfitter_cfg.c **** 
 335:Generated_Source\PSoC5/cyfitter_cfg.c **** 
 336:Generated_Source\PSoC5/cyfitter_cfg.c **** 	/* Perform second pass device configuration. These items must be configured in specific order afte
 337:Generated_Source\PSoC5/cyfitter_cfg.c **** 	CYCONFIGCPY((void CYFAR *)(CYREG_PRT1_DM0), (const void CYFAR *)(BS_IOPINS0_1_VAL), 8u);
 338              		.loc 1 337 0
 339 003a 0822     		movs	r2, #8
 340 003c 4FF09041 		mov	r1, #1207959552
 341 0040 1148     		ldr	r0, .L25+8
 342 0042 FFF7FEFF 		bl	CYCONFIGCPY
 343              	.LVL23:
 338:Generated_Source\PSoC5/cyfitter_cfg.c **** 	CYCONFIGCPY((void CYFAR *)(CYREG_PRT2_DR), (const void CYFAR *)(BS_IOPINS0_2_VAL), 10u);
 344              		.loc 1 338 0
 345 0046 0A22     		movs	r2, #10
 346 0048 1049     		ldr	r1, .L25+12
 347 004a 1148     		ldr	r0, .L25+16
 348 004c FFF7FEFF 		bl	CYCONFIGCPY
 349              	.LVL24:
 339:Generated_Source\PSoC5/cyfitter_cfg.c **** 	/* Switch Boost to the precision bandgap reference from its internal reference */
 340:Generated_Source\PSoC5/cyfitter_cfg.c **** 	CY_SET_REG8((void CYXDATA *)CYREG_BOOST_CR2, (CY_GET_REG8((void CYXDATA *)CYREG_BOOST_CR2) | 0x08u
 350              		.loc 1 340 0
 351 0050 104A     		ldr	r2, .L25+20
 352 0052 1378     		ldrb	r3, [r2]	@ zero_extendqisi2
 353 0054 43F00803 		orr	r3, r3, #8
 354 0058 1370     		strb	r3, [r2]
 341:Generated_Source\PSoC5/cyfitter_cfg.c **** 
 342:Generated_Source\PSoC5/cyfitter_cfg.c **** 	/* Set Flash Cycles based on max possible frequency in case a glitch occurs during ClockSetup(). *
 343:Generated_Source\PSoC5/cyfitter_cfg.c **** 	CY_SET_XTND_REG8((void CYFAR *)(CYREG_CACHE_CC_CTL), (((CYDEV_INSTRUCT_CACHE_ENABLED) != 0) ? 0x61
 355              		.loc 1 343 0
 356 005a 0F4C     		ldr	r4, .L25+24
 357              	.LVL25:
 358 005c 6123     		movs	r3, #97
 359 005e 2370     		strb	r3, [r4]
 344:Generated_Source\PSoC5/cyfitter_cfg.c **** 	/* Setup clocks based on selections from Clock DWR */
 345:Generated_Source\PSoC5/cyfitter_cfg.c **** 	ClockSetup();
 360              		.loc 1 345 0
 361 0060 FFF7FEFF 		bl	ClockSetup
 362              	.LVL26:
 346:Generated_Source\PSoC5/cyfitter_cfg.c **** 	/* Set Flash Cycles based on newly configured 24.00MHz Bus Clock. */
 347:Generated_Source\PSoC5/cyfitter_cfg.c **** 	CY_SET_XTND_REG8((void CYFAR *)(CYREG_CACHE_CC_CTL), (((CYDEV_INSTRUCT_CACHE_ENABLED) != 0) ? 0x81
 363              		.loc 1 347 0
 364 0064 8123     		movs	r3, #129
 365 0066 2370     		strb	r3, [r4]
 348:Generated_Source\PSoC5/cyfitter_cfg.c **** 	CY_SET_XTND_REG8((void CYFAR *)(CYREG_PANTHER_WAITPIPE), 0x01u);
ARM GAS  C:\Users\User\AppData\Local\Temp\cc9JhhhI.s 			page 14


 366              		.loc 1 348 0
 367 0068 0122     		movs	r2, #1
 368 006a 0C4B     		ldr	r3, .L25+28
 369 006c 1A70     		strb	r2, [r3]
 349:Generated_Source\PSoC5/cyfitter_cfg.c **** 
 350:Generated_Source\PSoC5/cyfitter_cfg.c **** 	/* Perform basic analog initialization to defaults */
 351:Generated_Source\PSoC5/cyfitter_cfg.c **** 	AnalogSetDefault();
 370              		.loc 1 351 0
 371 006e FFF7FEFF 		bl	AnalogSetDefault
 372              	.LVL27:
 352:Generated_Source\PSoC5/cyfitter_cfg.c **** 
 353:Generated_Source\PSoC5/cyfitter_cfg.c **** 	/* Configure alternate active mode */
 354:Generated_Source\PSoC5/cyfitter_cfg.c **** 	CYCONFIGCPY((void CYFAR *)CYDEV_PM_STBY_BASE, (const void CYFAR *)CYDEV_PM_ACT_BASE, 14u);
 373              		.loc 1 354 0
 374 0072 0E22     		movs	r2, #14
 375 0074 0A49     		ldr	r1, .L25+32
 376 0076 0B48     		ldr	r0, .L25+36
 377 0078 FFF7FEFF 		bl	CYCONFIGCPY
 378              	.LVL28:
 379 007c 38BD     		pop	{r3, r4, r5, pc}
 380              	.L26:
 381 007e 00BF     		.align	2
 382              	.L25:
 383 0080 00000000 		.word	.LANCHOR0
 384 0084 03500140 		.word	1073827843
 385 0088 12510040 		.word	1073762578
 386 008c 08000048 		.word	1207959560
 387 0090 20510040 		.word	1073762592
 388 0094 22430040 		.word	1073759010
 389 0098 00480040 		.word	1073760256
 390 009c 04000840 		.word	1074266116
 391 00a0 A0430040 		.word	1073759136
 392 00a4 B0430040 		.word	1073759152
 393              		.cfi_endproc
 394              	.LFE7:
 395              		.size	cyfitter_cfg, .-cyfitter_cfg
 396              		.section	.rodata
 397              		.align	2
 398              		.set	.LANCHOR0,. + 0
 399              		.type	cfg_memset_list.4992, %object
 400              		.size	cfg_memset_list.4992, 54
 401              	cfg_memset_list.4992:
 402 0000 00510040 		.word	1073762560
 403 0004 1000     		.short	16
 404 0006 30510040 		.4byte	1073762608
 405 000a 4000     		.short	64
 406 000c C0510040 		.word	1073762752
 407 0010 1000     		.short	16
 408 0012 F0510040 		.4byte	1073762800
 409 0016 1000     		.short	16
 410 0018 00000140 		.word	1073807360
 411 001c 0010     		.short	4096
 412 001e 00140140 		.4byte	1073812480
 413 0022 0008     		.short	2048
 414 0024 00400140 		.word	1073823744
 415 0028 000A     		.short	2560
 416 002a 004C0140 		.4byte	1073826816
ARM GAS  C:\Users\User\AppData\Local\Temp\cc9JhhhI.s 			page 15


 417 002e 0002     		.short	512
 418 0030 00500140 		.word	1073827840
 419 0034 2000     		.short	32
 420              		.text
 421              	.Letext0:
 422              		.file 2 "c:\\program files (x86)\\cypress\\psoc creator\\4.4\\psoc creator\\import\\gnu\\arm\\5.4.
 423              		.file 3 "Generated_Source\\PSoC5\\cytypes.h"
 424              		.file 4 "Generated_Source\\PSoC5\\CyLib.h"
 425              		.section	.debug_info,"",%progbits
 426              	.Ldebug_info0:
 427 0000 CD030000 		.4byte	0x3cd
 428 0004 0400     		.2byte	0x4
 429 0006 00000000 		.4byte	.Ldebug_abbrev0
 430 000a 04       		.byte	0x4
 431 000b 01       		.uleb128 0x1
 432 000c BA000000 		.4byte	.LASF39
 433 0010 0C       		.byte	0xc
 434 0011 24020000 		.4byte	.LASF40
 435 0015 06000000 		.4byte	.LASF41
 436 0019 00000000 		.4byte	.Ldebug_ranges0+0
 437 001d 00000000 		.4byte	0
 438 0021 00000000 		.4byte	.Ldebug_line0
 439 0025 02       		.uleb128 0x2
 440 0026 04       		.byte	0x4
 441 0027 05       		.byte	0x5
 442 0028 696E7400 		.ascii	"int\000"
 443 002c 03       		.uleb128 0x3
 444 002d 40000000 		.4byte	.LASF12
 445 0031 02       		.byte	0x2
 446 0032 D8       		.byte	0xd8
 447 0033 37000000 		.4byte	0x37
 448 0037 04       		.uleb128 0x4
 449 0038 04       		.byte	0x4
 450 0039 07       		.byte	0x7
 451 003a D4010000 		.4byte	.LASF0
 452 003e 04       		.uleb128 0x4
 453 003f 08       		.byte	0x8
 454 0040 05       		.byte	0x5
 455 0041 16020000 		.4byte	.LASF1
 456 0045 04       		.uleb128 0x4
 457 0046 08       		.byte	0x8
 458 0047 04       		.byte	0x4
 459 0048 71020000 		.4byte	.LASF2
 460 004c 04       		.uleb128 0x4
 461 004d 01       		.byte	0x1
 462 004e 06       		.byte	0x6
 463 004f 8F020000 		.4byte	.LASF3
 464 0053 04       		.uleb128 0x4
 465 0054 01       		.byte	0x1
 466 0055 08       		.byte	0x8
 467 0056 93010000 		.4byte	.LASF4
 468 005a 04       		.uleb128 0x4
 469 005b 02       		.byte	0x2
 470 005c 05       		.byte	0x5
 471 005d 51020000 		.4byte	.LASF5
 472 0061 04       		.uleb128 0x4
 473 0062 02       		.byte	0x2
ARM GAS  C:\Users\User\AppData\Local\Temp\cc9JhhhI.s 			page 16


 474 0063 07       		.byte	0x7
 475 0064 7B000000 		.4byte	.LASF6
 476 0068 04       		.uleb128 0x4
 477 0069 04       		.byte	0x4
 478 006a 05       		.byte	0x5
 479 006b 63020000 		.4byte	.LASF7
 480 006f 04       		.uleb128 0x4
 481 0070 04       		.byte	0x4
 482 0071 07       		.byte	0x7
 483 0072 5B010000 		.4byte	.LASF8
 484 0076 04       		.uleb128 0x4
 485 0077 08       		.byte	0x8
 486 0078 07       		.byte	0x7
 487 0079 E9010000 		.4byte	.LASF9
 488 007d 04       		.uleb128 0x4
 489 007e 04       		.byte	0x4
 490 007f 07       		.byte	0x7
 491 0080 0D020000 		.4byte	.LASF10
 492 0084 05       		.uleb128 0x5
 493 0085 04       		.byte	0x4
 494 0086 04       		.uleb128 0x4
 495 0087 01       		.byte	0x1
 496 0088 08       		.byte	0x8
 497 0089 6C020000 		.4byte	.LASF11
 498 008d 06       		.uleb128 0x6
 499 008e 6D010000 		.4byte	.LASF13
 500 0092 03       		.byte	0x3
 501 0093 E801     		.2byte	0x1e8
 502 0095 53000000 		.4byte	0x53
 503 0099 06       		.uleb128 0x6
 504 009a BC010000 		.4byte	.LASF14
 505 009e 03       		.byte	0x3
 506 009f E901     		.2byte	0x1e9
 507 00a1 61000000 		.4byte	0x61
 508 00a5 06       		.uleb128 0x6
 509 00a6 CD010000 		.4byte	.LASF15
 510 00aa 03       		.byte	0x3
 511 00ab EA01     		.2byte	0x1ea
 512 00ad 6F000000 		.4byte	0x6f
 513 00b1 04       		.uleb128 0x4
 514 00b2 04       		.byte	0x4
 515 00b3 04       		.byte	0x4
 516 00b4 96000000 		.4byte	.LASF16
 517 00b8 04       		.uleb128 0x4
 518 00b9 08       		.byte	0x8
 519 00ba 04       		.byte	0x4
 520 00bb A8010000 		.4byte	.LASF17
 521 00bf 06       		.uleb128 0x6
 522 00c0 48010000 		.4byte	.LASF18
 523 00c4 03       		.byte	0x3
 524 00c5 9202     		.2byte	0x292
 525 00c7 CB000000 		.4byte	0xcb
 526 00cb 07       		.uleb128 0x7
 527 00cc 8D000000 		.4byte	0x8d
 528 00d0 06       		.uleb128 0x6
 529 00d1 00000000 		.4byte	.LASF19
 530 00d5 03       		.byte	0x3
ARM GAS  C:\Users\User\AppData\Local\Temp\cc9JhhhI.s 			page 17


 531 00d6 9302     		.2byte	0x293
 532 00d8 DC000000 		.4byte	0xdc
 533 00dc 07       		.uleb128 0x7
 534 00dd 99000000 		.4byte	0x99
 535 00e1 08       		.uleb128 0x8
 536 00e2 9C000000 		.4byte	.LASF42
 537 00e6 01       		.byte	0x1
 538 00e7 7F       		.byte	0x7f
 539 00e8 00000000 		.4byte	.LFB3
 540 00ec 02000000 		.4byte	.LFE3-.LFB3
 541 00f0 01       		.uleb128 0x1
 542 00f1 9C       		.byte	0x9c
 543 00f2 04010000 		.4byte	0x104
 544 00f6 09       		.uleb128 0x9
 545 00f7 C3010000 		.4byte	.LASF22
 546 00fb 01       		.byte	0x1
 547 00fc 7F       		.byte	0x7f
 548 00fd 8D000000 		.4byte	0x8d
 549 0101 01       		.uleb128 0x1
 550 0102 50       		.byte	0x50
 551 0103 00       		.byte	0
 552 0104 0A       		.uleb128 0xa
 553 0105 47000000 		.4byte	.LASF20
 554 0109 01       		.byte	0x1
 555 010a EA       		.byte	0xea
 556 010b 00000000 		.4byte	.LFB5
 557 010f 28000000 		.4byte	.LFE5-.LFB5
 558 0113 01       		.uleb128 0x1
 559 0114 9C       		.byte	0x9c
 560 0115 29010000 		.4byte	0x129
 561 0119 0B       		.uleb128 0xb
 562 011a 7D020000 		.4byte	.LASF24
 563 011e 01       		.byte	0x1
 564 011f EC       		.byte	0xec
 565 0120 8D000000 		.4byte	0x8d
 566 0124 00000000 		.4byte	.LLST0
 567 0128 00       		.byte	0
 568 0129 0A       		.uleb128 0xa
 569 012a 73010000 		.4byte	.LASF21
 570 012e 01       		.byte	0x1
 571 012f 4D       		.byte	0x4d
 572 0130 00000000 		.4byte	.LFB0
 573 0134 0C000000 		.4byte	.LFE0-.LFB0
 574 0138 01       		.uleb128 0x1
 575 0139 9C       		.byte	0x9c
 576 013a 76010000 		.4byte	0x176
 577 013e 0C       		.uleb128 0xc
 578 013f 7300     		.ascii	"s\000"
 579 0141 01       		.byte	0x1
 580 0142 4D       		.byte	0x4d
 581 0143 84000000 		.4byte	0x84
 582 0147 13000000 		.4byte	.LLST1
 583 014b 0C       		.uleb128 0xc
 584 014c 6E00     		.ascii	"n\000"
 585 014e 01       		.byte	0x1
 586 014f 4D       		.byte	0x4d
 587 0150 2C000000 		.4byte	0x2c
ARM GAS  C:\Users\User\AppData\Local\Temp\cc9JhhhI.s 			page 18


 588 0154 34000000 		.4byte	.LLST2
 589 0158 0D       		.uleb128 0xd
 590 0159 0A000000 		.4byte	.LVL5
 591 015d B3030000 		.4byte	0x3b3
 592 0161 0E       		.uleb128 0xe
 593 0162 01       		.uleb128 0x1
 594 0163 50       		.byte	0x50
 595 0164 03       		.uleb128 0x3
 596 0165 F3       		.byte	0xf3
 597 0166 01       		.uleb128 0x1
 598 0167 50       		.byte	0x50
 599 0168 0E       		.uleb128 0xe
 600 0169 01       		.uleb128 0x1
 601 016a 51       		.byte	0x51
 602 016b 01       		.uleb128 0x1
 603 016c 30       		.byte	0x30
 604 016d 0E       		.uleb128 0xe
 605 016e 01       		.uleb128 0x1
 606 016f 52       		.byte	0x52
 607 0170 03       		.uleb128 0x3
 608 0171 F3       		.byte	0xf3
 609 0172 01       		.uleb128 0x1
 610 0173 51       		.byte	0x51
 611 0174 00       		.byte	0
 612 0175 00       		.byte	0
 613 0176 0A       		.uleb128 0xa
 614 0177 70000000 		.4byte	.LASF23
 615 017b 01       		.byte	0x1
 616 017c AF       		.byte	0xaf
 617 017d 00000000 		.4byte	.LFB4
 618 0181 9C000000 		.4byte	.LFE4-.LFB4
 619 0185 01       		.uleb128 0x1
 620 0186 9C       		.byte	0x9c
 621 0187 CE010000 		.4byte	0x1ce
 622 018b 0B       		.uleb128 0xb
 623 018c 58000000 		.4byte	.LASF25
 624 0190 01       		.byte	0x1
 625 0191 B1       		.byte	0xb1
 626 0192 A5000000 		.4byte	0xa5
 627 0196 60000000 		.4byte	.LLST3
 628 019a 0B       		.uleb128 0xb
 629 019b 8E000000 		.4byte	.LASF26
 630 019f 01       		.byte	0x1
 631 01a0 B2       		.byte	0xb2
 632 01a1 8D000000 		.4byte	0x8d
 633 01a5 7F000000 		.4byte	.LLST4
 634 01a9 0F       		.uleb128 0xf
 635 01aa 4C000000 		.4byte	.LVL10
 636 01ae BC030000 		.4byte	0x3bc
 637 01b2 BE010000 		.4byte	0x1be
 638 01b6 0E       		.uleb128 0xe
 639 01b7 01       		.uleb128 0x1
 640 01b8 50       		.byte	0x50
 641 01b9 03       		.uleb128 0x3
 642 01ba 0A       		.byte	0xa
 643 01bb E001     		.2byte	0x1e0
 644 01bd 00       		.byte	0
ARM GAS  C:\Users\User\AppData\Local\Temp\cc9JhhhI.s 			page 19


 645 01be 0D       		.uleb128 0xd
 646 01bf 5C000000 		.4byte	.LVL12
 647 01c3 E1000000 		.4byte	0xe1
 648 01c7 0E       		.uleb128 0xe
 649 01c8 01       		.uleb128 0x1
 650 01c9 50       		.byte	0x50
 651 01ca 01       		.uleb128 0x1
 652 01cb 33       		.byte	0x33
 653 01cc 00       		.byte	0
 654 01cd 00       		.byte	0
 655 01ce 0A       		.uleb128 0xa
 656 01cf A4020000 		.4byte	.LASF27
 657 01d3 01       		.byte	0x1
 658 01d4 54       		.byte	0x54
 659 01d5 00000000 		.4byte	.LFB1
 660 01d9 08000000 		.4byte	.LFE1-.LFB1
 661 01dd 01       		.uleb128 0x1
 662 01de 9C       		.byte	0x9c
 663 01df 2E020000 		.4byte	0x22e
 664 01e3 10       		.uleb128 0x10
 665 01e4 B0000000 		.4byte	.LASF28
 666 01e8 01       		.byte	0x1
 667 01e9 54       		.byte	0x54
 668 01ea 84000000 		.4byte	0x84
 669 01ee A9000000 		.4byte	.LLST5
 670 01f2 0C       		.uleb128 0xc
 671 01f3 73726300 		.ascii	"src\000"
 672 01f7 01       		.byte	0x1
 673 01f8 54       		.byte	0x54
 674 01f9 2E020000 		.4byte	0x22e
 675 01fd CA000000 		.4byte	.LLST6
 676 0201 0C       		.uleb128 0xc
 677 0202 6E00     		.ascii	"n\000"
 678 0204 01       		.byte	0x1
 679 0205 54       		.byte	0x54
 680 0206 2C000000 		.4byte	0x2c
 681 020a EB000000 		.4byte	.LLST7
 682 020e 0D       		.uleb128 0xd
 683 020f 06000000 		.4byte	.LVL15
 684 0213 C7030000 		.4byte	0x3c7
 685 0217 0E       		.uleb128 0xe
 686 0218 01       		.uleb128 0x1
 687 0219 50       		.byte	0x50
 688 021a 03       		.uleb128 0x3
 689 021b F3       		.byte	0xf3
 690 021c 01       		.uleb128 0x1
 691 021d 50       		.byte	0x50
 692 021e 0E       		.uleb128 0xe
 693 021f 01       		.uleb128 0x1
 694 0220 51       		.byte	0x51
 695 0221 03       		.uleb128 0x3
 696 0222 F3       		.byte	0xf3
 697 0223 01       		.uleb128 0x1
 698 0224 51       		.byte	0x51
 699 0225 0E       		.uleb128 0xe
 700 0226 01       		.uleb128 0x1
 701 0227 52       		.byte	0x52
ARM GAS  C:\Users\User\AppData\Local\Temp\cc9JhhhI.s 			page 20


 702 0228 03       		.uleb128 0x3
 703 0229 F3       		.byte	0xf3
 704 022a 01       		.uleb128 0x1
 705 022b 52       		.byte	0x52
 706 022c 00       		.byte	0
 707 022d 00       		.byte	0
 708 022e 11       		.uleb128 0x11
 709 022f 04       		.byte	0x4
 710 0230 34020000 		.4byte	0x234
 711 0234 12       		.uleb128 0x12
 712 0235 13       		.uleb128 0x13
 713 0236 7D010000 		.4byte	.LASF31
 714 023a 01       		.byte	0x1
 715 023b 0401     		.2byte	0x104
 716 023d 00000000 		.4byte	.LFB6
 717 0241 10000000 		.4byte	.LFE6-.LFB6
 718 0245 01       		.uleb128 0x1
 719 0246 9C       		.byte	0x9c
 720 0247 68020000 		.4byte	0x268
 721 024b 14       		.uleb128 0x14
 722 024c 5B020000 		.4byte	.LASF29
 723 0250 01       		.byte	0x1
 724 0251 0401     		.2byte	0x104
 725 0253 8D000000 		.4byte	0x8d
 726 0257 01       		.uleb128 0x1
 727 0258 50       		.byte	0x50
 728 0259 15       		.uleb128 0x15
 729 025a 9B020000 		.4byte	.LASF30
 730 025e 01       		.byte	0x1
 731 025f 0601     		.2byte	0x106
 732 0261 8D000000 		.4byte	0x8d
 733 0265 01       		.uleb128 0x1
 734 0266 53       		.byte	0x53
 735 0267 00       		.byte	0
 736 0268 13       		.uleb128 0x13
 737 0269 AF010000 		.4byte	.LASF32
 738 026d 01       		.byte	0x1
 739 026e 2601     		.2byte	0x126
 740 0270 00000000 		.4byte	.LFB7
 741 0274 A8000000 		.4byte	.LFE7-.LFB7
 742 0278 01       		.uleb128 0x1
 743 0279 9C       		.byte	0x9c
 744 027a B3030000 		.4byte	0x3b3
 745 027e 16       		.uleb128 0x16
 746 027f 04000000 		.4byte	.LBB2
 747 0283 36000000 		.4byte	.LBE2-.LBB2
 748 0287 37030000 		.4byte	0x337
 749 028b 17       		.uleb128 0x17
 750 028c 06       		.byte	0x6
 751 028d 01       		.byte	0x1
 752 028e 2F01     		.2byte	0x12f
 753 0290 AF020000 		.4byte	0x2af
 754 0294 18       		.uleb128 0x18
 755 0295 E1010000 		.4byte	.LASF33
 756 0299 01       		.byte	0x1
 757 029a 3001     		.2byte	0x130
 758 029c 84000000 		.4byte	0x84
ARM GAS  C:\Users\User\AppData\Local\Temp\cc9JhhhI.s 			page 21


 759 02a0 00       		.byte	0
 760 02a1 18       		.uleb128 0x18
 761 02a2 B5000000 		.4byte	.LASF34
 762 02a6 01       		.byte	0x1
 763 02a7 3101     		.2byte	0x131
 764 02a9 99000000 		.4byte	0x99
 765 02ad 04       		.byte	0x4
 766 02ae 00       		.byte	0
 767 02af 06       		.uleb128 0x6
 768 02b0 00020000 		.4byte	.LASF35
 769 02b4 01       		.byte	0x1
 770 02b5 3201     		.2byte	0x132
 771 02b7 8B020000 		.4byte	0x28b
 772 02bb 19       		.uleb128 0x19
 773 02bc CB020000 		.4byte	0x2cb
 774 02c0 CB020000 		.4byte	0x2cb
 775 02c4 1A       		.uleb128 0x1a
 776 02c5 7D000000 		.4byte	0x7d
 777 02c9 08       		.byte	0x8
 778 02ca 00       		.byte	0
 779 02cb 1B       		.uleb128 0x1b
 780 02cc AF020000 		.4byte	0x2af
 781 02d0 15       		.uleb128 0x15
 782 02d1 60000000 		.4byte	.LASF36
 783 02d5 01       		.byte	0x1
 784 02d6 3401     		.2byte	0x134
 785 02d8 E2020000 		.4byte	0x2e2
 786 02dc 05       		.uleb128 0x5
 787 02dd 03       		.byte	0x3
 788 02de 00000000 		.4byte	cfg_memset_list.4992
 789 02e2 1B       		.uleb128 0x1b
 790 02e3 BB020000 		.4byte	0x2bb
 791 02e7 1C       		.uleb128 0x1c
 792 02e8 6900     		.ascii	"i\000"
 793 02ea 01       		.byte	0x1
 794 02eb 4101     		.2byte	0x141
 795 02ed 8D000000 		.4byte	0x8d
 796 02f1 0C010000 		.4byte	.LLST8
 797 02f5 1D       		.uleb128 0x1d
 798 02f6 08000000 		.4byte	.LBB3
 799 02fa 16000000 		.4byte	.LBE3-.LBB3
 800 02fe 1C       		.uleb128 0x1c
 801 02ff 6D7300   		.ascii	"ms\000"
 802 0302 01       		.byte	0x1
 803 0303 4601     		.2byte	0x146
 804 0305 0D030000 		.4byte	0x30d
 805 0309 36010000 		.4byte	.LLST9
 806 030d 11       		.uleb128 0x11
 807 030e 04       		.byte	0x4
 808 030f CB020000 		.4byte	0x2cb
 809 0313 0D       		.uleb128 0xd
 810 0314 1E000000 		.4byte	.LVL20
 811 0318 29010000 		.4byte	0x129
 812 031c 0E       		.uleb128 0xe
 813 031d 01       		.uleb128 0x1
 814 031e 51       		.byte	0x51
 815 031f 14       		.uleb128 0x14
ARM GAS  C:\Users\User\AppData\Local\Temp\cc9JhhhI.s 			page 22


 816 0320 74       		.byte	0x74
 817 0321 00       		.sleb128 0
 818 0322 31       		.byte	0x31
 819 0323 24       		.byte	0x24
 820 0324 74       		.byte	0x74
 821 0325 00       		.sleb128 0
 822 0326 22       		.byte	0x22
 823 0327 31       		.byte	0x31
 824 0328 24       		.byte	0x24
 825 0329 75       		.byte	0x75
 826 032a 00       		.sleb128 0
 827 032b 22       		.byte	0x22
 828 032c 23       		.byte	0x23
 829 032d 04       		.uleb128 0x4
 830 032e 94       		.byte	0x94
 831 032f 02       		.byte	0x2
 832 0330 0A       		.byte	0xa
 833 0331 FFFF     		.2byte	0xffff
 834 0333 1A       		.byte	0x1a
 835 0334 00       		.byte	0
 836 0335 00       		.byte	0
 837 0336 00       		.byte	0
 838 0337 0F       		.uleb128 0xf
 839 0338 46000000 		.4byte	.LVL23
 840 033c CE010000 		.4byte	0x1ce
 841 0340 5A030000 		.4byte	0x35a
 842 0344 0E       		.uleb128 0xe
 843 0345 01       		.uleb128 0x1
 844 0346 50       		.byte	0x50
 845 0347 05       		.uleb128 0x5
 846 0348 0C       		.byte	0xc
 847 0349 12510040 		.4byte	0x40005112
 848 034d 0E       		.uleb128 0xe
 849 034e 01       		.uleb128 0x1
 850 034f 51       		.byte	0x51
 851 0350 03       		.uleb128 0x3
 852 0351 42       		.byte	0x42
 853 0352 4A       		.byte	0x4a
 854 0353 24       		.byte	0x24
 855 0354 0E       		.uleb128 0xe
 856 0355 01       		.uleb128 0x1
 857 0356 52       		.byte	0x52
 858 0357 01       		.uleb128 0x1
 859 0358 38       		.byte	0x38
 860 0359 00       		.byte	0
 861 035a 0F       		.uleb128 0xf
 862 035b 50000000 		.4byte	.LVL24
 863 035f CE010000 		.4byte	0x1ce
 864 0363 7F030000 		.4byte	0x37f
 865 0367 0E       		.uleb128 0xe
 866 0368 01       		.uleb128 0x1
 867 0369 50       		.byte	0x50
 868 036a 05       		.uleb128 0x5
 869 036b 0C       		.byte	0xc
 870 036c 20510040 		.4byte	0x40005120
 871 0370 0E       		.uleb128 0xe
 872 0371 01       		.uleb128 0x1
ARM GAS  C:\Users\User\AppData\Local\Temp\cc9JhhhI.s 			page 23


 873 0372 51       		.byte	0x51
 874 0373 05       		.uleb128 0x5
 875 0374 0C       		.byte	0xc
 876 0375 08000048 		.4byte	0x48000008
 877 0379 0E       		.uleb128 0xe
 878 037a 01       		.uleb128 0x1
 879 037b 52       		.byte	0x52
 880 037c 01       		.uleb128 0x1
 881 037d 3A       		.byte	0x3a
 882 037e 00       		.byte	0
 883 037f 1E       		.uleb128 0x1e
 884 0380 64000000 		.4byte	.LVL26
 885 0384 76010000 		.4byte	0x176
 886 0388 1E       		.uleb128 0x1e
 887 0389 72000000 		.4byte	.LVL27
 888 038d 04010000 		.4byte	0x104
 889 0391 0D       		.uleb128 0xd
 890 0392 7C000000 		.4byte	.LVL28
 891 0396 CE010000 		.4byte	0x1ce
 892 039a 0E       		.uleb128 0xe
 893 039b 01       		.uleb128 0x1
 894 039c 50       		.byte	0x50
 895 039d 05       		.uleb128 0x5
 896 039e 0C       		.byte	0xc
 897 039f B0430040 		.4byte	0x400043b0
 898 03a3 0E       		.uleb128 0xe
 899 03a4 01       		.uleb128 0x1
 900 03a5 51       		.byte	0x51
 901 03a6 05       		.uleb128 0x5
 902 03a7 0C       		.byte	0xc
 903 03a8 A0430040 		.4byte	0x400043a0
 904 03ac 0E       		.uleb128 0xe
 905 03ad 01       		.uleb128 0x1
 906 03ae 52       		.byte	0x52
 907 03af 01       		.uleb128 0x1
 908 03b0 3E       		.byte	0x3e
 909 03b1 00       		.byte	0
 910 03b2 00       		.byte	0
 911 03b3 1F       		.uleb128 0x1f
 912 03b4 A1010000 		.4byte	.LASF37
 913 03b8 A1010000 		.4byte	.LASF37
 914 03bc 20       		.uleb128 0x20
 915 03bd 4D010000 		.4byte	.LASF43
 916 03c1 4D010000 		.4byte	.LASF43
 917 03c5 04       		.byte	0x4
 918 03c6 79       		.byte	0x79
 919 03c7 1F       		.uleb128 0x1f
 920 03c8 4A020000 		.4byte	.LASF38
 921 03cc 4A020000 		.4byte	.LASF38
 922 03d0 00       		.byte	0
 923              		.section	.debug_abbrev,"",%progbits
 924              	.Ldebug_abbrev0:
 925 0000 01       		.uleb128 0x1
 926 0001 11       		.uleb128 0x11
 927 0002 01       		.byte	0x1
 928 0003 25       		.uleb128 0x25
 929 0004 0E       		.uleb128 0xe
ARM GAS  C:\Users\User\AppData\Local\Temp\cc9JhhhI.s 			page 24


 930 0005 13       		.uleb128 0x13
 931 0006 0B       		.uleb128 0xb
 932 0007 03       		.uleb128 0x3
 933 0008 0E       		.uleb128 0xe
 934 0009 1B       		.uleb128 0x1b
 935 000a 0E       		.uleb128 0xe
 936 000b 55       		.uleb128 0x55
 937 000c 17       		.uleb128 0x17
 938 000d 11       		.uleb128 0x11
 939 000e 01       		.uleb128 0x1
 940 000f 10       		.uleb128 0x10
 941 0010 17       		.uleb128 0x17
 942 0011 00       		.byte	0
 943 0012 00       		.byte	0
 944 0013 02       		.uleb128 0x2
 945 0014 24       		.uleb128 0x24
 946 0015 00       		.byte	0
 947 0016 0B       		.uleb128 0xb
 948 0017 0B       		.uleb128 0xb
 949 0018 3E       		.uleb128 0x3e
 950 0019 0B       		.uleb128 0xb
 951 001a 03       		.uleb128 0x3
 952 001b 08       		.uleb128 0x8
 953 001c 00       		.byte	0
 954 001d 00       		.byte	0
 955 001e 03       		.uleb128 0x3
 956 001f 16       		.uleb128 0x16
 957 0020 00       		.byte	0
 958 0021 03       		.uleb128 0x3
 959 0022 0E       		.uleb128 0xe
 960 0023 3A       		.uleb128 0x3a
 961 0024 0B       		.uleb128 0xb
 962 0025 3B       		.uleb128 0x3b
 963 0026 0B       		.uleb128 0xb
 964 0027 49       		.uleb128 0x49
 965 0028 13       		.uleb128 0x13
 966 0029 00       		.byte	0
 967 002a 00       		.byte	0
 968 002b 04       		.uleb128 0x4
 969 002c 24       		.uleb128 0x24
 970 002d 00       		.byte	0
 971 002e 0B       		.uleb128 0xb
 972 002f 0B       		.uleb128 0xb
 973 0030 3E       		.uleb128 0x3e
 974 0031 0B       		.uleb128 0xb
 975 0032 03       		.uleb128 0x3
 976 0033 0E       		.uleb128 0xe
 977 0034 00       		.byte	0
 978 0035 00       		.byte	0
 979 0036 05       		.uleb128 0x5
 980 0037 0F       		.uleb128 0xf
 981 0038 00       		.byte	0
 982 0039 0B       		.uleb128 0xb
 983 003a 0B       		.uleb128 0xb
 984 003b 00       		.byte	0
 985 003c 00       		.byte	0
 986 003d 06       		.uleb128 0x6
ARM GAS  C:\Users\User\AppData\Local\Temp\cc9JhhhI.s 			page 25


 987 003e 16       		.uleb128 0x16
 988 003f 00       		.byte	0
 989 0040 03       		.uleb128 0x3
 990 0041 0E       		.uleb128 0xe
 991 0042 3A       		.uleb128 0x3a
 992 0043 0B       		.uleb128 0xb
 993 0044 3B       		.uleb128 0x3b
 994 0045 05       		.uleb128 0x5
 995 0046 49       		.uleb128 0x49
 996 0047 13       		.uleb128 0x13
 997 0048 00       		.byte	0
 998 0049 00       		.byte	0
 999 004a 07       		.uleb128 0x7
 1000 004b 35       		.uleb128 0x35
 1001 004c 00       		.byte	0
 1002 004d 49       		.uleb128 0x49
 1003 004e 13       		.uleb128 0x13
 1004 004f 00       		.byte	0
 1005 0050 00       		.byte	0
 1006 0051 08       		.uleb128 0x8
 1007 0052 2E       		.uleb128 0x2e
 1008 0053 01       		.byte	0x1
 1009 0054 03       		.uleb128 0x3
 1010 0055 0E       		.uleb128 0xe
 1011 0056 3A       		.uleb128 0x3a
 1012 0057 0B       		.uleb128 0xb
 1013 0058 3B       		.uleb128 0x3b
 1014 0059 0B       		.uleb128 0xb
 1015 005a 27       		.uleb128 0x27
 1016 005b 19       		.uleb128 0x19
 1017 005c 8701     		.uleb128 0x87
 1018 005e 19       		.uleb128 0x19
 1019 005f 11       		.uleb128 0x11
 1020 0060 01       		.uleb128 0x1
 1021 0061 12       		.uleb128 0x12
 1022 0062 06       		.uleb128 0x6
 1023 0063 40       		.uleb128 0x40
 1024 0064 18       		.uleb128 0x18
 1025 0065 9742     		.uleb128 0x2117
 1026 0067 19       		.uleb128 0x19
 1027 0068 01       		.uleb128 0x1
 1028 0069 13       		.uleb128 0x13
 1029 006a 00       		.byte	0
 1030 006b 00       		.byte	0
 1031 006c 09       		.uleb128 0x9
 1032 006d 05       		.uleb128 0x5
 1033 006e 00       		.byte	0
 1034 006f 03       		.uleb128 0x3
 1035 0070 0E       		.uleb128 0xe
 1036 0071 3A       		.uleb128 0x3a
 1037 0072 0B       		.uleb128 0xb
 1038 0073 3B       		.uleb128 0x3b
 1039 0074 0B       		.uleb128 0xb
 1040 0075 49       		.uleb128 0x49
 1041 0076 13       		.uleb128 0x13
 1042 0077 02       		.uleb128 0x2
 1043 0078 18       		.uleb128 0x18
ARM GAS  C:\Users\User\AppData\Local\Temp\cc9JhhhI.s 			page 26


 1044 0079 00       		.byte	0
 1045 007a 00       		.byte	0
 1046 007b 0A       		.uleb128 0xa
 1047 007c 2E       		.uleb128 0x2e
 1048 007d 01       		.byte	0x1
 1049 007e 03       		.uleb128 0x3
 1050 007f 0E       		.uleb128 0xe
 1051 0080 3A       		.uleb128 0x3a
 1052 0081 0B       		.uleb128 0xb
 1053 0082 3B       		.uleb128 0x3b
 1054 0083 0B       		.uleb128 0xb
 1055 0084 27       		.uleb128 0x27
 1056 0085 19       		.uleb128 0x19
 1057 0086 11       		.uleb128 0x11
 1058 0087 01       		.uleb128 0x1
 1059 0088 12       		.uleb128 0x12
 1060 0089 06       		.uleb128 0x6
 1061 008a 40       		.uleb128 0x40
 1062 008b 18       		.uleb128 0x18
 1063 008c 9742     		.uleb128 0x2117
 1064 008e 19       		.uleb128 0x19
 1065 008f 01       		.uleb128 0x1
 1066 0090 13       		.uleb128 0x13
 1067 0091 00       		.byte	0
 1068 0092 00       		.byte	0
 1069 0093 0B       		.uleb128 0xb
 1070 0094 34       		.uleb128 0x34
 1071 0095 00       		.byte	0
 1072 0096 03       		.uleb128 0x3
 1073 0097 0E       		.uleb128 0xe
 1074 0098 3A       		.uleb128 0x3a
 1075 0099 0B       		.uleb128 0xb
 1076 009a 3B       		.uleb128 0x3b
 1077 009b 0B       		.uleb128 0xb
 1078 009c 49       		.uleb128 0x49
 1079 009d 13       		.uleb128 0x13
 1080 009e 02       		.uleb128 0x2
 1081 009f 17       		.uleb128 0x17
 1082 00a0 00       		.byte	0
 1083 00a1 00       		.byte	0
 1084 00a2 0C       		.uleb128 0xc
 1085 00a3 05       		.uleb128 0x5
 1086 00a4 00       		.byte	0
 1087 00a5 03       		.uleb128 0x3
 1088 00a6 08       		.uleb128 0x8
 1089 00a7 3A       		.uleb128 0x3a
 1090 00a8 0B       		.uleb128 0xb
 1091 00a9 3B       		.uleb128 0x3b
 1092 00aa 0B       		.uleb128 0xb
 1093 00ab 49       		.uleb128 0x49
 1094 00ac 13       		.uleb128 0x13
 1095 00ad 02       		.uleb128 0x2
 1096 00ae 17       		.uleb128 0x17
 1097 00af 00       		.byte	0
 1098 00b0 00       		.byte	0
 1099 00b1 0D       		.uleb128 0xd
 1100 00b2 898201   		.uleb128 0x4109
ARM GAS  C:\Users\User\AppData\Local\Temp\cc9JhhhI.s 			page 27


 1101 00b5 01       		.byte	0x1
 1102 00b6 11       		.uleb128 0x11
 1103 00b7 01       		.uleb128 0x1
 1104 00b8 31       		.uleb128 0x31
 1105 00b9 13       		.uleb128 0x13
 1106 00ba 00       		.byte	0
 1107 00bb 00       		.byte	0
 1108 00bc 0E       		.uleb128 0xe
 1109 00bd 8A8201   		.uleb128 0x410a
 1110 00c0 00       		.byte	0
 1111 00c1 02       		.uleb128 0x2
 1112 00c2 18       		.uleb128 0x18
 1113 00c3 9142     		.uleb128 0x2111
 1114 00c5 18       		.uleb128 0x18
 1115 00c6 00       		.byte	0
 1116 00c7 00       		.byte	0
 1117 00c8 0F       		.uleb128 0xf
 1118 00c9 898201   		.uleb128 0x4109
 1119 00cc 01       		.byte	0x1
 1120 00cd 11       		.uleb128 0x11
 1121 00ce 01       		.uleb128 0x1
 1122 00cf 31       		.uleb128 0x31
 1123 00d0 13       		.uleb128 0x13
 1124 00d1 01       		.uleb128 0x1
 1125 00d2 13       		.uleb128 0x13
 1126 00d3 00       		.byte	0
 1127 00d4 00       		.byte	0
 1128 00d5 10       		.uleb128 0x10
 1129 00d6 05       		.uleb128 0x5
 1130 00d7 00       		.byte	0
 1131 00d8 03       		.uleb128 0x3
 1132 00d9 0E       		.uleb128 0xe
 1133 00da 3A       		.uleb128 0x3a
 1134 00db 0B       		.uleb128 0xb
 1135 00dc 3B       		.uleb128 0x3b
 1136 00dd 0B       		.uleb128 0xb
 1137 00de 49       		.uleb128 0x49
 1138 00df 13       		.uleb128 0x13
 1139 00e0 02       		.uleb128 0x2
 1140 00e1 17       		.uleb128 0x17
 1141 00e2 00       		.byte	0
 1142 00e3 00       		.byte	0
 1143 00e4 11       		.uleb128 0x11
 1144 00e5 0F       		.uleb128 0xf
 1145 00e6 00       		.byte	0
 1146 00e7 0B       		.uleb128 0xb
 1147 00e8 0B       		.uleb128 0xb
 1148 00e9 49       		.uleb128 0x49
 1149 00ea 13       		.uleb128 0x13
 1150 00eb 00       		.byte	0
 1151 00ec 00       		.byte	0
 1152 00ed 12       		.uleb128 0x12
 1153 00ee 26       		.uleb128 0x26
 1154 00ef 00       		.byte	0
 1155 00f0 00       		.byte	0
 1156 00f1 00       		.byte	0
 1157 00f2 13       		.uleb128 0x13
ARM GAS  C:\Users\User\AppData\Local\Temp\cc9JhhhI.s 			page 28


 1158 00f3 2E       		.uleb128 0x2e
 1159 00f4 01       		.byte	0x1
 1160 00f5 3F       		.uleb128 0x3f
 1161 00f6 19       		.uleb128 0x19
 1162 00f7 03       		.uleb128 0x3
 1163 00f8 0E       		.uleb128 0xe
 1164 00f9 3A       		.uleb128 0x3a
 1165 00fa 0B       		.uleb128 0xb
 1166 00fb 3B       		.uleb128 0x3b
 1167 00fc 05       		.uleb128 0x5
 1168 00fd 27       		.uleb128 0x27
 1169 00fe 19       		.uleb128 0x19
 1170 00ff 11       		.uleb128 0x11
 1171 0100 01       		.uleb128 0x1
 1172 0101 12       		.uleb128 0x12
 1173 0102 06       		.uleb128 0x6
 1174 0103 40       		.uleb128 0x40
 1175 0104 18       		.uleb128 0x18
 1176 0105 9742     		.uleb128 0x2117
 1177 0107 19       		.uleb128 0x19
 1178 0108 01       		.uleb128 0x1
 1179 0109 13       		.uleb128 0x13
 1180 010a 00       		.byte	0
 1181 010b 00       		.byte	0
 1182 010c 14       		.uleb128 0x14
 1183 010d 05       		.uleb128 0x5
 1184 010e 00       		.byte	0
 1185 010f 03       		.uleb128 0x3
 1186 0110 0E       		.uleb128 0xe
 1187 0111 3A       		.uleb128 0x3a
 1188 0112 0B       		.uleb128 0xb
 1189 0113 3B       		.uleb128 0x3b
 1190 0114 05       		.uleb128 0x5
 1191 0115 49       		.uleb128 0x49
 1192 0116 13       		.uleb128 0x13
 1193 0117 02       		.uleb128 0x2
 1194 0118 18       		.uleb128 0x18
 1195 0119 00       		.byte	0
 1196 011a 00       		.byte	0
 1197 011b 15       		.uleb128 0x15
 1198 011c 34       		.uleb128 0x34
 1199 011d 00       		.byte	0
 1200 011e 03       		.uleb128 0x3
 1201 011f 0E       		.uleb128 0xe
 1202 0120 3A       		.uleb128 0x3a
 1203 0121 0B       		.uleb128 0xb
 1204 0122 3B       		.uleb128 0x3b
 1205 0123 05       		.uleb128 0x5
 1206 0124 49       		.uleb128 0x49
 1207 0125 13       		.uleb128 0x13
 1208 0126 02       		.uleb128 0x2
 1209 0127 18       		.uleb128 0x18
 1210 0128 00       		.byte	0
 1211 0129 00       		.byte	0
 1212 012a 16       		.uleb128 0x16
 1213 012b 0B       		.uleb128 0xb
 1214 012c 01       		.byte	0x1
ARM GAS  C:\Users\User\AppData\Local\Temp\cc9JhhhI.s 			page 29


 1215 012d 11       		.uleb128 0x11
 1216 012e 01       		.uleb128 0x1
 1217 012f 12       		.uleb128 0x12
 1218 0130 06       		.uleb128 0x6
 1219 0131 01       		.uleb128 0x1
 1220 0132 13       		.uleb128 0x13
 1221 0133 00       		.byte	0
 1222 0134 00       		.byte	0
 1223 0135 17       		.uleb128 0x17
 1224 0136 13       		.uleb128 0x13
 1225 0137 01       		.byte	0x1
 1226 0138 0B       		.uleb128 0xb
 1227 0139 0B       		.uleb128 0xb
 1228 013a 3A       		.uleb128 0x3a
 1229 013b 0B       		.uleb128 0xb
 1230 013c 3B       		.uleb128 0x3b
 1231 013d 05       		.uleb128 0x5
 1232 013e 01       		.uleb128 0x1
 1233 013f 13       		.uleb128 0x13
 1234 0140 00       		.byte	0
 1235 0141 00       		.byte	0
 1236 0142 18       		.uleb128 0x18
 1237 0143 0D       		.uleb128 0xd
 1238 0144 00       		.byte	0
 1239 0145 03       		.uleb128 0x3
 1240 0146 0E       		.uleb128 0xe
 1241 0147 3A       		.uleb128 0x3a
 1242 0148 0B       		.uleb128 0xb
 1243 0149 3B       		.uleb128 0x3b
 1244 014a 05       		.uleb128 0x5
 1245 014b 49       		.uleb128 0x49
 1246 014c 13       		.uleb128 0x13
 1247 014d 38       		.uleb128 0x38
 1248 014e 0B       		.uleb128 0xb
 1249 014f 00       		.byte	0
 1250 0150 00       		.byte	0
 1251 0151 19       		.uleb128 0x19
 1252 0152 01       		.uleb128 0x1
 1253 0153 01       		.byte	0x1
 1254 0154 49       		.uleb128 0x49
 1255 0155 13       		.uleb128 0x13
 1256 0156 01       		.uleb128 0x1
 1257 0157 13       		.uleb128 0x13
 1258 0158 00       		.byte	0
 1259 0159 00       		.byte	0
 1260 015a 1A       		.uleb128 0x1a
 1261 015b 21       		.uleb128 0x21
 1262 015c 00       		.byte	0
 1263 015d 49       		.uleb128 0x49
 1264 015e 13       		.uleb128 0x13
 1265 015f 2F       		.uleb128 0x2f
 1266 0160 0B       		.uleb128 0xb
 1267 0161 00       		.byte	0
 1268 0162 00       		.byte	0
 1269 0163 1B       		.uleb128 0x1b
 1270 0164 26       		.uleb128 0x26
 1271 0165 00       		.byte	0
ARM GAS  C:\Users\User\AppData\Local\Temp\cc9JhhhI.s 			page 30


 1272 0166 49       		.uleb128 0x49
 1273 0167 13       		.uleb128 0x13
 1274 0168 00       		.byte	0
 1275 0169 00       		.byte	0
 1276 016a 1C       		.uleb128 0x1c
 1277 016b 34       		.uleb128 0x34
 1278 016c 00       		.byte	0
 1279 016d 03       		.uleb128 0x3
 1280 016e 08       		.uleb128 0x8
 1281 016f 3A       		.uleb128 0x3a
 1282 0170 0B       		.uleb128 0xb
 1283 0171 3B       		.uleb128 0x3b
 1284 0172 05       		.uleb128 0x5
 1285 0173 49       		.uleb128 0x49
 1286 0174 13       		.uleb128 0x13
 1287 0175 02       		.uleb128 0x2
 1288 0176 17       		.uleb128 0x17
 1289 0177 00       		.byte	0
 1290 0178 00       		.byte	0
 1291 0179 1D       		.uleb128 0x1d
 1292 017a 0B       		.uleb128 0xb
 1293 017b 01       		.byte	0x1
 1294 017c 11       		.uleb128 0x11
 1295 017d 01       		.uleb128 0x1
 1296 017e 12       		.uleb128 0x12
 1297 017f 06       		.uleb128 0x6
 1298 0180 00       		.byte	0
 1299 0181 00       		.byte	0
 1300 0182 1E       		.uleb128 0x1e
 1301 0183 898201   		.uleb128 0x4109
 1302 0186 00       		.byte	0
 1303 0187 11       		.uleb128 0x11
 1304 0188 01       		.uleb128 0x1
 1305 0189 31       		.uleb128 0x31
 1306 018a 13       		.uleb128 0x13
 1307 018b 00       		.byte	0
 1308 018c 00       		.byte	0
 1309 018d 1F       		.uleb128 0x1f
 1310 018e 2E       		.uleb128 0x2e
 1311 018f 00       		.byte	0
 1312 0190 3F       		.uleb128 0x3f
 1313 0191 19       		.uleb128 0x19
 1314 0192 3C       		.uleb128 0x3c
 1315 0193 19       		.uleb128 0x19
 1316 0194 6E       		.uleb128 0x6e
 1317 0195 0E       		.uleb128 0xe
 1318 0196 03       		.uleb128 0x3
 1319 0197 0E       		.uleb128 0xe
 1320 0198 00       		.byte	0
 1321 0199 00       		.byte	0
 1322 019a 20       		.uleb128 0x20
 1323 019b 2E       		.uleb128 0x2e
 1324 019c 00       		.byte	0
 1325 019d 3F       		.uleb128 0x3f
 1326 019e 19       		.uleb128 0x19
 1327 019f 3C       		.uleb128 0x3c
 1328 01a0 19       		.uleb128 0x19
ARM GAS  C:\Users\User\AppData\Local\Temp\cc9JhhhI.s 			page 31


 1329 01a1 6E       		.uleb128 0x6e
 1330 01a2 0E       		.uleb128 0xe
 1331 01a3 03       		.uleb128 0x3
 1332 01a4 0E       		.uleb128 0xe
 1333 01a5 3A       		.uleb128 0x3a
 1334 01a6 0B       		.uleb128 0xb
 1335 01a7 3B       		.uleb128 0x3b
 1336 01a8 0B       		.uleb128 0xb
 1337 01a9 00       		.byte	0
 1338 01aa 00       		.byte	0
 1339 01ab 00       		.byte	0
 1340              		.section	.debug_loc,"",%progbits
 1341              	.Ldebug_loc0:
 1342              	.LLST0:
 1343 0000 06000000 		.4byte	.LVL1
 1344 0004 10000000 		.4byte	.LVL2
 1345 0008 0100     		.2byte	0x1
 1346 000a 53       		.byte	0x53
 1347 000b 00000000 		.4byte	0
 1348 000f 00000000 		.4byte	0
 1349              	.LLST1:
 1350 0013 00000000 		.4byte	.LVL3
 1351 0017 09000000 		.4byte	.LVL5-1
 1352 001b 0100     		.2byte	0x1
 1353 001d 50       		.byte	0x50
 1354 001e 09000000 		.4byte	.LVL5-1
 1355 0022 0C000000 		.4byte	.LFE0
 1356 0026 0400     		.2byte	0x4
 1357 0028 F3       		.byte	0xf3
 1358 0029 01       		.uleb128 0x1
 1359 002a 50       		.byte	0x50
 1360 002b 9F       		.byte	0x9f
 1361 002c 00000000 		.4byte	0
 1362 0030 00000000 		.4byte	0
 1363              	.LLST2:
 1364 0034 00000000 		.4byte	.LVL3
 1365 0038 06000000 		.4byte	.LVL4
 1366 003c 0100     		.2byte	0x1
 1367 003e 51       		.byte	0x51
 1368 003f 06000000 		.4byte	.LVL4
 1369 0043 09000000 		.4byte	.LVL5-1
 1370 0047 0100     		.2byte	0x1
 1371 0049 52       		.byte	0x52
 1372 004a 09000000 		.4byte	.LVL5-1
 1373 004e 0C000000 		.4byte	.LFE0
 1374 0052 0400     		.2byte	0x4
 1375 0054 F3       		.byte	0xf3
 1376 0055 01       		.uleb128 0x1
 1377 0056 51       		.byte	0x51
 1378 0057 9F       		.byte	0x9f
 1379 0058 00000000 		.4byte	0
 1380 005c 00000000 		.4byte	0
 1381              	.LLST3:
 1382 0060 2E000000 		.4byte	.LVL6
 1383 0064 34000000 		.4byte	.LVL7
 1384 0068 0200     		.2byte	0x2
 1385 006a 49       		.byte	0x49
ARM GAS  C:\Users\User\AppData\Local\Temp\cc9JhhhI.s 			page 32


 1386 006b 9F       		.byte	0x9f
 1387 006c 34000000 		.4byte	.LVL7
 1388 0070 7E000000 		.4byte	.LVL13
 1389 0074 0100     		.2byte	0x1
 1390 0076 55       		.byte	0x55
 1391 0077 00000000 		.4byte	0
 1392 007b 00000000 		.4byte	0
 1393              	.LLST4:
 1394 007f 2E000000 		.4byte	.LVL6
 1395 0083 34000000 		.4byte	.LVL7
 1396 0087 0200     		.2byte	0x2
 1397 0089 30       		.byte	0x30
 1398 008a 9F       		.byte	0x9f
 1399 008b 34000000 		.4byte	.LVL7
 1400 008f 40000000 		.4byte	.LVL8
 1401 0093 0100     		.2byte	0x1
 1402 0095 54       		.byte	0x54
 1403 0096 44000000 		.4byte	.LVL9
 1404 009a 7E000000 		.4byte	.LVL13
 1405 009e 0100     		.2byte	0x1
 1406 00a0 54       		.byte	0x54
 1407 00a1 00000000 		.4byte	0
 1408 00a5 00000000 		.4byte	0
 1409              	.LLST5:
 1410 00a9 00000000 		.4byte	.LVL14
 1411 00ad 05000000 		.4byte	.LVL15-1
 1412 00b1 0100     		.2byte	0x1
 1413 00b3 50       		.byte	0x50
 1414 00b4 05000000 		.4byte	.LVL15-1
 1415 00b8 08000000 		.4byte	.LFE1
 1416 00bc 0400     		.2byte	0x4
 1417 00be F3       		.byte	0xf3
 1418 00bf 01       		.uleb128 0x1
 1419 00c0 50       		.byte	0x50
 1420 00c1 9F       		.byte	0x9f
 1421 00c2 00000000 		.4byte	0
 1422 00c6 00000000 		.4byte	0
 1423              	.LLST6:
 1424 00ca 00000000 		.4byte	.LVL14
 1425 00ce 05000000 		.4byte	.LVL15-1
 1426 00d2 0100     		.2byte	0x1
 1427 00d4 51       		.byte	0x51
 1428 00d5 05000000 		.4byte	.LVL15-1
 1429 00d9 08000000 		.4byte	.LFE1
 1430 00dd 0400     		.2byte	0x4
 1431 00df F3       		.byte	0xf3
 1432 00e0 01       		.uleb128 0x1
 1433 00e1 51       		.byte	0x51
 1434 00e2 9F       		.byte	0x9f
 1435 00e3 00000000 		.4byte	0
 1436 00e7 00000000 		.4byte	0
 1437              	.LLST7:
 1438 00eb 00000000 		.4byte	.LVL14
 1439 00ef 05000000 		.4byte	.LVL15-1
 1440 00f3 0100     		.2byte	0x1
 1441 00f5 52       		.byte	0x52
 1442 00f6 05000000 		.4byte	.LVL15-1
ARM GAS  C:\Users\User\AppData\Local\Temp\cc9JhhhI.s 			page 33


 1443 00fa 08000000 		.4byte	.LFE1
 1444 00fe 0400     		.2byte	0x4
 1445 0100 F3       		.byte	0xf3
 1446 0101 01       		.uleb128 0x1
 1447 0102 52       		.byte	0x52
 1448 0103 9F       		.byte	0x9f
 1449 0104 00000000 		.4byte	0
 1450 0108 00000000 		.4byte	0
 1451              	.LLST8:
 1452 010c 04000000 		.4byte	.LVL18
 1453 0110 08000000 		.4byte	.LVL19
 1454 0114 0200     		.2byte	0x2
 1455 0116 30       		.byte	0x30
 1456 0117 9F       		.byte	0x9f
 1457 0118 08000000 		.4byte	.LVL19
 1458 011c 20000000 		.4byte	.LVL21
 1459 0120 0100     		.2byte	0x1
 1460 0122 54       		.byte	0x54
 1461 0123 22000000 		.4byte	.LVL22
 1462 0127 5C000000 		.4byte	.LVL25
 1463 012b 0100     		.2byte	0x1
 1464 012d 54       		.byte	0x54
 1465 012e 00000000 		.4byte	0
 1466 0132 00000000 		.4byte	0
 1467              	.LLST9:
 1468 0136 08000000 		.4byte	.LVL19
 1469 013a 20000000 		.4byte	.LVL21
 1470 013e 0B00     		.2byte	0xb
 1471 0140 74       		.byte	0x74
 1472 0141 00       		.sleb128 0
 1473 0142 36       		.byte	0x36
 1474 0143 1E       		.byte	0x1e
 1475 0144 03       		.byte	0x3
 1476 0145 00000000 		.4byte	cfg_memset_list.4992
 1477 0149 22       		.byte	0x22
 1478 014a 9F       		.byte	0x9f
 1479 014b 20000000 		.4byte	.LVL21
 1480 014f 22000000 		.4byte	.LVL22
 1481 0153 0B00     		.2byte	0xb
 1482 0155 74       		.byte	0x74
 1483 0156 7F       		.sleb128 -1
 1484 0157 36       		.byte	0x36
 1485 0158 1E       		.byte	0x1e
 1486 0159 03       		.byte	0x3
 1487 015a 00000000 		.4byte	cfg_memset_list.4992
 1488 015e 22       		.byte	0x22
 1489 015f 9F       		.byte	0x9f
 1490 0160 00000000 		.4byte	0
 1491 0164 00000000 		.4byte	0
 1492              		.section	.debug_aranges,"",%progbits
 1493 0000 4C000000 		.4byte	0x4c
 1494 0004 0200     		.2byte	0x2
 1495 0006 00000000 		.4byte	.Ldebug_info0
 1496 000a 04       		.byte	0x4
 1497 000b 00       		.byte	0
 1498 000c 0000     		.2byte	0
 1499 000e 0000     		.2byte	0
ARM GAS  C:\Users\User\AppData\Local\Temp\cc9JhhhI.s 			page 34


 1500 0010 00000000 		.4byte	.LFB3
 1501 0014 02000000 		.4byte	.LFE3-.LFB3
 1502 0018 00000000 		.4byte	.LFB5
 1503 001c 28000000 		.4byte	.LFE5-.LFB5
 1504 0020 00000000 		.4byte	.LFB0
 1505 0024 0C000000 		.4byte	.LFE0-.LFB0
 1506 0028 00000000 		.4byte	.LFB4
 1507 002c 9C000000 		.4byte	.LFE4-.LFB4
 1508 0030 00000000 		.4byte	.LFB1
 1509 0034 08000000 		.4byte	.LFE1-.LFB1
 1510 0038 00000000 		.4byte	.LFB6
 1511 003c 10000000 		.4byte	.LFE6-.LFB6
 1512 0040 00000000 		.4byte	.LFB7
 1513 0044 A8000000 		.4byte	.LFE7-.LFB7
 1514 0048 00000000 		.4byte	0
 1515 004c 00000000 		.4byte	0
 1516              		.section	.debug_ranges,"",%progbits
 1517              	.Ldebug_ranges0:
 1518 0000 00000000 		.4byte	.LFB3
 1519 0004 02000000 		.4byte	.LFE3
 1520 0008 00000000 		.4byte	.LFB5
 1521 000c 28000000 		.4byte	.LFE5
 1522 0010 00000000 		.4byte	.LFB0
 1523 0014 0C000000 		.4byte	.LFE0
 1524 0018 00000000 		.4byte	.LFB4
 1525 001c 9C000000 		.4byte	.LFE4
 1526 0020 00000000 		.4byte	.LFB1
 1527 0024 08000000 		.4byte	.LFE1
 1528 0028 00000000 		.4byte	.LFB6
 1529 002c 10000000 		.4byte	.LFE6
 1530 0030 00000000 		.4byte	.LFB7
 1531 0034 A8000000 		.4byte	.LFE7
 1532 0038 00000000 		.4byte	0
 1533 003c 00000000 		.4byte	0
 1534              		.section	.debug_line,"",%progbits
 1535              	.Ldebug_line0:
 1536 0000 A1010000 		.section	.debug_str,"MS",%progbits,1
 1536      0200D600 
 1536      00000201 
 1536      FB0E0D00 
 1536      01010101 
 1537              	.LASF19:
 1538 0000 72656731 		.ascii	"reg16\000"
 1538      3600
 1539              	.LASF41:
 1540 0006 433A5C55 		.ascii	"C:\\Users\\User\\Desktop\\schule\\temp\\Workspace01"
 1540      73657273 
 1540      5C557365 
 1540      725C4465 
 1540      736B746F 
 1541 0033 5C475049 		.ascii	"\\GPIO1.cydsn\000"
 1541      4F312E63 
 1541      7964736E 
 1541      00
 1542              	.LASF12:
 1543 0040 73697A65 		.ascii	"size_t\000"
 1543      5F7400
ARM GAS  C:\Users\User\AppData\Local\Temp\cc9JhhhI.s 			page 35


 1544              	.LASF20:
 1545 0047 416E616C 		.ascii	"AnalogSetDefault\000"
 1545      6F675365 
 1545      74446566 
 1545      61756C74 
 1545      00
 1546              	.LASF25:
 1547 0058 74696D65 		.ascii	"timeout\000"
 1547      6F757400 
 1548              	.LASF36:
 1549 0060 6366675F 		.ascii	"cfg_memset_list\000"
 1549      6D656D73 
 1549      65745F6C 
 1549      69737400 
 1550              	.LASF23:
 1551 0070 436C6F63 		.ascii	"ClockSetup\000"
 1551      6B536574 
 1551      757000
 1552              	.LASF6:
 1553 007b 73686F72 		.ascii	"short unsigned int\000"
 1553      7420756E 
 1553      7369676E 
 1553      65642069 
 1553      6E7400
 1554              	.LASF26:
 1555 008e 706C6C4C 		.ascii	"pllLock\000"
 1555      6F636B00 
 1556              	.LASF16:
 1557 0096 666C6F61 		.ascii	"float\000"
 1557      7400
 1558              	.LASF42:
 1559 009c 4379436C 		.ascii	"CyClockStartupError\000"
 1559      6F636B53 
 1559      74617274 
 1559      75704572 
 1559      726F7200 
 1560              	.LASF28:
 1561 00b0 64657374 		.ascii	"dest\000"
 1561      00
 1562              	.LASF34:
 1563 00b5 73697A65 		.ascii	"size\000"
 1563      00
 1564              	.LASF39:
 1565 00ba 474E5520 		.ascii	"GNU C11 5.4.1 20160609 (release) [ARM/embedded-5-br"
 1565      43313120 
 1565      352E342E 
 1565      31203230 
 1565      31363036 
 1566 00ed 616E6368 		.ascii	"anch revision 237715] -mcpu=cortex-m3 -mthumb -g -O"
 1566      20726576 
 1566      6973696F 
 1566      6E203233 
 1566      37373135 
 1567 0120 67202D66 		.ascii	"g -ffunction-sections -ffat-lto-objects\000"
 1567      66756E63 
 1567      74696F6E 
 1567      2D736563 
ARM GAS  C:\Users\User\AppData\Local\Temp\cc9JhhhI.s 			page 36


 1567      74696F6E 
 1568              	.LASF18:
 1569 0148 72656738 		.ascii	"reg8\000"
 1569      00
 1570              	.LASF43:
 1571 014d 43794465 		.ascii	"CyDelayCycles\000"
 1571      6C617943 
 1571      79636C65 
 1571      7300
 1572              	.LASF8:
 1573 015b 6C6F6E67 		.ascii	"long unsigned int\000"
 1573      20756E73 
 1573      69676E65 
 1573      6420696E 
 1573      7400
 1574              	.LASF13:
 1575 016d 75696E74 		.ascii	"uint8\000"
 1575      3800
 1576              	.LASF21:
 1577 0173 43594D45 		.ascii	"CYMEMZERO\000"
 1577      4D5A4552 
 1577      4F00
 1578              	.LASF31:
 1579 017d 53657441 		.ascii	"SetAnalogRoutingPumps\000"
 1579      6E616C6F 
 1579      67526F75 
 1579      74696E67 
 1579      50756D70 
 1580              	.LASF4:
 1581 0193 756E7369 		.ascii	"unsigned char\000"
 1581      676E6564 
 1581      20636861 
 1581      7200
 1582              	.LASF37:
 1583 01a1 6D656D73 		.ascii	"memset\000"
 1583      657400
 1584              	.LASF17:
 1585 01a8 646F7562 		.ascii	"double\000"
 1585      6C6500
 1586              	.LASF32:
 1587 01af 63796669 		.ascii	"cyfitter_cfg\000"
 1587      74746572 
 1587      5F636667 
 1587      00
 1588              	.LASF14:
 1589 01bc 75696E74 		.ascii	"uint16\000"
 1589      313600
 1590              	.LASF22:
 1591 01c3 6572726F 		.ascii	"errorCode\000"
 1591      72436F64 
 1591      6500
 1592              	.LASF15:
 1593 01cd 75696E74 		.ascii	"uint32\000"
 1593      333200
 1594              	.LASF0:
 1595 01d4 756E7369 		.ascii	"unsigned int\000"
 1595      676E6564 
ARM GAS  C:\Users\User\AppData\Local\Temp\cc9JhhhI.s 			page 37


 1595      20696E74 
 1595      00
 1596              	.LASF33:
 1597 01e1 61646472 		.ascii	"address\000"
 1597      65737300 
 1598              	.LASF9:
 1599 01e9 6C6F6E67 		.ascii	"long long unsigned int\000"
 1599      206C6F6E 
 1599      6720756E 
 1599      7369676E 
 1599      65642069 
 1600              	.LASF35:
 1601 0200 6366675F 		.ascii	"cfg_memset_t\000"
 1601      6D656D73 
 1601      65745F74 
 1601      00
 1602              	.LASF10:
 1603 020d 73697A65 		.ascii	"sizetype\000"
 1603      74797065 
 1603      00
 1604              	.LASF1:
 1605 0216 6C6F6E67 		.ascii	"long long int\000"
 1605      206C6F6E 
 1605      6720696E 
 1605      7400
 1606              	.LASF40:
 1607 0224 47656E65 		.ascii	"Generated_Source\\PSoC5\\cyfitter_cfg.c\000"
 1607      72617465 
 1607      645F536F 
 1607      75726365 
 1607      5C50536F 
 1608              	.LASF38:
 1609 024a 6D656D63 		.ascii	"memcpy\000"
 1609      707900
 1610              	.LASF5:
 1611 0251 73686F72 		.ascii	"short int\000"
 1611      7420696E 
 1611      7400
 1612              	.LASF29:
 1613 025b 656E6162 		.ascii	"enabled\000"
 1613      6C656400 
 1614              	.LASF7:
 1615 0263 6C6F6E67 		.ascii	"long int\000"
 1615      20696E74 
 1615      00
 1616              	.LASF11:
 1617 026c 63686172 		.ascii	"char\000"
 1617      00
 1618              	.LASF2:
 1619 0271 6C6F6E67 		.ascii	"long double\000"
 1619      20646F75 
 1619      626C6500 
 1620              	.LASF24:
 1621 027d 62675F78 		.ascii	"bg_xover_inl_trim\000"
 1621      6F766572 
 1621      5F696E6C 
 1621      5F747269 
ARM GAS  C:\Users\User\AppData\Local\Temp\cc9JhhhI.s 			page 38


 1621      6D00
 1622              	.LASF3:
 1623 028f 7369676E 		.ascii	"signed char\000"
 1623      65642063 
 1623      68617200 
 1624              	.LASF30:
 1625 029b 72656756 		.ascii	"regValue\000"
 1625      616C7565 
 1625      00
 1626              	.LASF27:
 1627 02a4 4359434F 		.ascii	"CYCONFIGCPY\000"
 1627      4E464947 
 1627      43505900 
 1628              		.ident	"GCC: (GNU Tools for ARM Embedded Processors) 5.4.1 20160609 (release) [ARM/embedded-5-bran
